Archive member included to satisfy reference by file (symbol)

build/cooja/contiki-ng-cooja.a(simEnvChange.o)
                              build/cooja/mtype852991878.o (simDontFallAsleep)
build/cooja/contiki-ng-cooja.a(cooja_mt.o)
                              build/cooja/mtype852991878.o (cooja_mt_start)
build/cooja/contiki-ng-cooja.a(cooja_mtarch.o)
                              build/cooja/contiki-ng-cooja.a(cooja_mt.o) (cooja_mtarch_start)
build/cooja/contiki-ng-cooja.a(rtimer-arch.o)
                              build/cooja/mtype852991878.o (rtimer_arch_check)
build/cooja/contiki-ng-cooja.a(beep.o)
                              build/cooja/mtype852991878.o (beep_interface)
build/cooja/contiki-ng-cooja.a(leds-arch.o)
                              build/cooja/mtype852991878.o (leds_interface)
build/cooja/contiki-ng-cooja.a(moteid.o)
                              build/cooja/mtype852991878.o (moteid_interface)
build/cooja/contiki-ng-cooja.a(pir-sensor.o)
                              build/cooja/mtype852991878.o (pir_interface)
build/cooja/contiki-ng-cooja.a(rs232.o)
                              build/cooja/mtype852991878.o (rs232_interface)
build/cooja/contiki-ng-cooja.a(vib-sensor.o)
                              build/cooja/mtype852991878.o (vib_interface)
build/cooja/contiki-ng-cooja.a(clock.o)
                              build/cooja/mtype852991878.o (clock_interface)
build/cooja/contiki-ng-cooja.a(cooja-log.o)
                              build/cooja/mtype852991878.o (simlog_interface)
build/cooja/contiki-ng-cooja.a(cfs-cooja.o)
                              build/cooja/mtype852991878.o (cfs_interface)
build/cooja/contiki-ng-cooja.a(cooja-radio.o)
                              build/cooja/mtype852991878.o (radio_interface)
build/cooja/contiki-ng-cooja.a(eeprom.o)
                              build/cooja/mtype852991878.o (eeprom_interface)
build/cooja/contiki-ng-cooja.a(random.o)
                              build/cooja/contiki-ng-cooja.a(moteid.o) (random_init)
build/cooja/contiki-ng-cooja.a(sensors.o)
                              build/cooja/contiki-ng-cooja.a(pir-sensor.o) (sensors_changed)
build/cooja/contiki-ng-cooja.a(leds.o)
                              build/cooja/contiki-ng-cooja.a(leds-arch.o) (leds_get)
build/cooja/contiki-ng-cooja.a(gpio-hal-arch.o)
                              build/cooja/contiki-ng-cooja.a(leds-arch.o) (gpio_hal_arch_register_pin_callback)
build/cooja/contiki-ng-cooja.a(buttons.o)
                              build/cooja/mtype852991878.o (button_interface)
build/cooja/contiki-ng-cooja.a(dehumidification.o)
                              coap-node.o (dehumidification)
build/cooja/contiki-ng-cooja.a(heating.o)
                              coap-node.o (heating)
build/cooja/contiki-ng-cooja.a(coap-blocking-api.o)
                              coap-node.o (coap_blocking_request)
build/cooja/contiki-ng-cooja.a(coap-engine.o)
                              coap-node.o (coap_activate_resource)
build/cooja/contiki-ng-cooja.a(coap-res-well-known-core.o)
                              build/cooja/contiki-ng-cooja.a(coap-engine.o) (res_well_known_core)
build/cooja/contiki-ng-cooja.a(coap-observe.o)
                              build/cooja/contiki-ng-cooja.a(coap-engine.o) (coap_remove_observer_by_mid)
build/cooja/contiki-ng-cooja.a(coap-uip.o)
                              build/cooja/contiki-ng-cooja.a(coap-observe.o) (coap_endpoint_copy)
build/cooja/contiki-ng-cooja.a(coap-timer.o)
                              build/cooja/contiki-ng-cooja.a(coap-engine.o) (coap_timer_set)
build/cooja/contiki-ng-cooja.a(coap-transactions.o)
                              build/cooja/contiki-ng-cooja.a(coap-blocking-api.o) (coap_send_transaction)
build/cooja/contiki-ng-cooja.a(coap.o)
                              build/cooja/contiki-ng-cooja.a(coap-engine.o) (coap_status_code)
build/cooja/contiki-ng-cooja.a(contiki-main.o)
                              build/cooja/mtype852991878.o (main)
build/cooja/contiki-ng-cooja.a(autostart.o)
                              build/cooja/contiki-ng-cooja.a(contiki-main.o) (autostart_start)
build/cooja/contiki-ng-cooja.a(ctimer.o)
                              build/cooja/contiki-ng-cooja.a(contiki-main.o) (ctimer_init)
build/cooja/contiki-ng-cooja.a(log.o)
                              build/cooja/contiki-ng-cooja.a(contiki-main.o) (curr_log_level_main)
build/cooja/contiki-ng-cooja.a(energest.o)
                              build/cooja/contiki-ng-cooja.a(contiki-main.o) (energest_init)
build/cooja/contiki-ng-cooja.a(etimer.o)
                              build/cooja/contiki-ng-cooja.a(contiki-main.o) (etimer_process)
build/cooja/contiki-ng-cooja.a(node-id.o)
                              build/cooja/contiki-ng-cooja.a(contiki-main.o) (node_id)
build/cooja/contiki-ng-cooja.a(rtimer.o)
                              build/cooja/contiki-ng-cooja.a(contiki-main.o) (rtimer_init)
build/cooja/contiki-ng-cooja.a(process.o)
[...]
Memory Configuration

Name             Origin             Length             Attributes
*default*        0x0000000000000000 0xffffffffffffffff

Linker script and memory map

LOAD /usr/lib/gcc/x86_64-linux-gnu/7/../../../x86_64-linux-gnu/crti.o
LOAD /usr/lib/gcc/x86_64-linux-gnu/7/crtbeginS.o
LOAD coap-node.o
LOAD build/cooja/mtype852991878.o
LOAD build/cooja/contiki-ng-cooja.a
LOAD /usr/lib/gcc/x86_64-linux-gnu/7/libgcc.a
LOAD /usr/lib/gcc/x86_64-linux-gnu/7/libgcc_s.so
START GROUP
LOAD /usr/lib/gcc/x86_64-linux-gnu/7/libgcc_s.so.1
LOAD /usr/lib/gcc/x86_64-linux-gnu/7/libgcc.a
END GROUP
LOAD /usr/lib/gcc/x86_64-linux-gnu/7/../../../x86_64-linux-gnu/libc.so
START GROUP
LOAD /lib/x86_64-linux-gnu/libc.so.6
LOAD /usr/lib/x86_64-linux-gnu/libc_nonshared.a
LOAD /lib/x86_64-linux-gnu/ld-linux-x86-64.so.2
END GROUP
LOAD /usr/lib/gcc/x86_64-linux-gnu/7/libgcc.a
LOAD /usr/lib/gcc/x86_64-linux-gnu/7/libgcc_s.so
START GROUP
LOAD /usr/lib/gcc/x86_64-linux-gnu/7/libgcc_s.so.1
LOAD /usr/lib/gcc/x86_64-linux-gnu/7/libgcc.a
END GROUP
LOAD /usr/lib/gcc/x86_64-linux-gnu/7/crtendS.o
LOAD /usr/lib/gcc/x86_64-linux-gnu/7/../../../x86_64-linux-gnu/crtn.o
                0x00000000000001c8                . = (SEGMENT_START ("text-segment", 0x0) + SIZEOF_HEADERS)

.note.gnu.build-id
                0x00000000000001c8       0x24
 *(.note.gnu.build-id)
 .note.gnu.build-id
                0x00000000000001c8       0x24 /usr/lib/gcc/x86_64-linux-gnu/7/../../../x86_64-linux-gnu/crti.o

.hash
 *(.hash)

.gnu.hash       0x00000000000001f0     0x1600
 *(.gnu.hash)
 .gnu.hash      0x00000000000001f0     0x1600 /usr/lib/gcc/x86_64-linux-gnu/7/../../../x86_64-linux-gnu/crti.o

.dynsym         0x00000000000017f0     0x4878
 *(.dynsym)
 .dynsym        0x00000000000017f0     0x4878 /usr/lib/gcc/x86_64-linux-gnu/7/../../../x86_64-linux-gnu/crti.o

.dynstr         0x0000000000006068     0x386f
 *(.dynstr)
 .dynstr        0x0000000000006068     0x386f /usr/lib/gcc/x86_64-linux-gnu/7/../../../x86_64-linux-gnu/crti.o

.gnu.version    0x00000000000098d8      0x60a
 *(.gnu.version)
 .gnu.version   0x00000000000098d8      0x60a /usr/lib/gcc/x86_64-linux-gnu/7/../../../x86_64-linux-gnu/crti.o

.gnu.version_d  0x0000000000009ee8        0x0
 *(.gnu.version_d)
 .gnu.version_d
                0x0000000000009ee8        0x0 /usr/lib/gcc/x86_64-linux-gnu/7/../../../x86_64-linux-gnu/crti.o

.gnu.version_r  0x0000000000009ee8       0x40
 *(.gnu.version_r)
 .gnu.version_r
                0x0000000000009ee8       0x40 /usr/lib/gcc/x86_64-linux-gnu/7/../../../x86_64-linux-gnu/crti.o

.rela.dyn       0x0000000000009f28     0x22e0
 *(.rela.init)
 *(.rela.text .rela.text.* .rela.gnu.linkonce.t.*)
 .rela.text     0x0000000000009f28        0x0 /usr/lib/gcc/x86_64-linux-gnu/7/../../../x86_64-linux-gnu/crti.o
 *(.rela.fini)
 *(.rela.rodata .rela.rodata.* .rela.gnu.linkonce.r.*)
 *(.rela.data .rela.data.* .rela.gnu.linkonce.d.*)
 .rela.data.rel.local
                0x0000000000009f28      0xa08 /usr/lib/gcc/x86_64-linux-gnu/7/../../../x86_64-linux-gnu/crti.o
 .rela.data.rel.ro
                0x000000000000a930      0x288 /usr/lib/gcc/x86_64-linux-gnu/7/../../../x86_64-linux-gnu/crti.o
 .rela.data.rel
                0x000000000000abb8      0x3a8 /usr/lib/gcc/x86_64-linux-gnu/7/../../../x86_64-linux-gnu/crti.o
 .rela.data.rel.ro.local
                0x000000000000af60      0x5e8 /usr/lib/gcc/x86_64-linux-gnu/7/../../../x86_64-linux-gnu/crti.o
 *(.rela.tdata .rela.tdata.* .rela.gnu.linkonce.td.*)
 *(.rela.tbss .rela.tbss.* .rela.gnu.linkonce.tb.*)
 *(.rela.ctors)
 *(.rela.dtors)
 *(.rela.got)
 .rela.got      0x000000000000b548      0xc90 /usr/lib/gcc/x86_64-linux-gnu/7/../../../x86_64-linux-gnu/crti.o
 *(.rela.bss .rela.bss.* .rela.gnu.linkonce.b.*)
 *(.rela.ldata .rela.ldata.* .rela.gnu.linkonce.l.*)
 *(.rela.lbss .rela.lbss.* .rela.gnu.linkonce.lb.*)
 *(.rela.lrodata .rela.lrodata.* .rela.gnu.linkonce.lr.*)
 *(.rela.ifunc)
 .rela.ifunc    0x000000000000c1d8        0x0 /usr/lib/gcc/x86_64-linux-gnu/7/../../../x86_64-linux-gnu/crti.o
 .rela.fini_array
                0x000000000000c1d8       0x18 /usr/lib/gcc/x86_64-linux-gnu/7/../../../x86_64-linux-gnu/crti.o
 .rela.init_array
                0x000000000000c1f0       0x18 /usr/lib/gcc/x86_64-linux-gnu/7/../../../x86_64-linux-gnu/crti.o

.rela.plt       0x000000000000c208     0x2640
 *(.rela.plt)
 .rela.plt      0x000000000000c208     0x2640 /usr/lib/gcc/x86_64-linux-gnu/7/../../../x86_64-linux-gnu/crti.o
 *(.rela.iplt)

.init           0x000000000000e848       0x17
 *(SORT_NONE(.init))
 .init          0x000000000000e848       0x12 /usr/lib/gcc/x86_64-linux-gnu/7/../../../x86_64-linux-gnu/crti.o
                0x000000000000e848                _init
 .init          0x000000000000e85a        0x5 /usr/lib/gcc/x86_64-linux-gnu/7/../../../x86_64-linux-gnu/crtn.o

.plt            0x000000000000e860     0x1990
 *(.plt)
 .plt           0x000000000000e860     0x1990 /usr/lib/gcc/x86_64-linux-gnu/7/../../../x86_64-linux-gnu/crti.o
 *(.iplt)

.plt.got        0x00000000000101f0       0x18
 *(.plt.got)
 .plt.got       0x00000000000101f0       0x18 /usr/lib/gcc/x86_64-linux-gnu/7/../../../x86_64-linux-gnu/crti.o

.plt.sec
 *(.plt.sec)

.text           0x0000000000010210    0x1fe35
 *(.text.unlikely .text.*_unlikely .text.unlikely.*)
 *(.text.exit .text.exit.*)
 *(.text.startup .text.startup.*)
 *(.text.hot .text.hot.*)
 *(.text .stub .text.* .gnu.linkonce.t.*)
 .text          0x0000000000010210        0x0 /usr/lib/gcc/x86_64-linux-gnu/7/../../../x86_64-linux-gnu/crti.o
 .text          0x0000000000010210       0xda /usr/lib/gcc/x86_64-linux-gnu/7/crtbeginS.o
 .text          0x00000000000102ea      0x2c0 coap-node.o
                0x00000000000102ea                client_chunk_handler
 .text          0x00000000000105aa      0x32f build/cooja/mtype852991878.o
                0x0000000000010658                platform_init_stage_one
                0x0000000000010669                platform_init_stage_two
                0x000000000001067a                platform_init_stage_three
                0x000000000001068b                platform_main_loop
                0x0000000000010721                JNI_OnLoad
                0x0000000000010734                Java_org_contikios_cooja_corecomm_Lib6_init
                0x0000000000010777                Java_org_contikios_cooja_corecomm_Lib6_getMemory
                0x00000000000107ce                Java_org_contikios_cooja_corecomm_Lib6_setMemory
                0x0000000000010825                Java_org_contikios_cooja_corecomm_Lib6_tick
                0x00000000000108ae                Java_org_contikios_cooja_corecomm_Lib6_setReferenceAddress
 .text          0x00000000000108d9       0x89 build/cooja/contiki-ng-cooja.a(simEnvChange.o)
                0x00000000000108d9                doActionsBeforeTick
                0x000000000001091d                doActionsAfterTick
 .text          0x0000000000010962       0x9f build/cooja/contiki-ng-cooja.a(cooja_mt.o)
                0x0000000000010962                cooja_mt_start
                0x000000000001099e                cooja_mt_exec
                0x00000000000109dd                cooja_mt_yield
 .text          0x0000000000010a01       0xfe build/cooja/contiki-ng-cooja.a(cooja_mtarch.o)
                0x0000000000010a01                cooja_mtarch_start
                0x0000000000010aa0                cooja_sw
                0x0000000000010ac9                cooja_mtarch_exec
                0x0000000000010af3                cooja_mtarch_yield
 .text          0x0000000000010aff       0xb4 build/cooja/contiki-ng-cooja.a(rtimer-arch.o)
                0x0000000000010aff                rtimer_arch_init
                0x0000000000010b21                rtimer_arch_schedule
                0x0000000000010b47                rtimer_arch_next
                0x0000000000010b57                rtimer_arch_pending
                0x0000000000010b66                rtimer_arch_check
                0x0000000000010ba3                rtimer_arch_now
 .text          0x0000000000010bb3       0xba build/cooja/contiki-ng-cooja.a(beep.o)
                0x0000000000010bb3                beep_alarm
                0x0000000000010bca                beep_beep
                0x0000000000010bde                beep
                0x0000000000010bef                beep_down
                0x0000000000010c03                beep_on
                0x0000000000010c14                beep_off
                0x0000000000010c25                beep_spinup
                0x0000000000010c36                beep_quick
                0x0000000000010c4a                beep_long
 .text          0x0000000000010c6d       0x69 build/cooja/contiki-ng-cooja.a(leds-arch.o)
                0x0000000000010c84                leds_arch_init
 .text          0x0000000000010cd6       0x39 build/cooja/contiki-ng-cooja.a(moteid.o)
 .text          0x0000000000010d0f       0xe5 build/cooja/contiki-ng-cooja.a(pir-sensor.o)
 .text          0x0000000000010df4      0x169 build/cooja/contiki-ng-cooja.a(rs232.o)
                0x0000000000010df4                rs232_init
                0x0000000000010dfb                rs232_set_speed
                0x0000000000010e07                rs232_set_input
                0x0000000000010e1d                rs232_send
                0x0000000000010e38                rs232_print
                0x0000000000010e5f                slip_arch_writeb
 .text          0x0000000000010f5d       0xe5 build/cooja/contiki-ng-cooja.a(vib-sensor.o)
 .text          0x0000000000011042       0x57 build/cooja/contiki-ng-cooja.a(clock.o)
                0x0000000000011042                clock_init
                0x0000000000011049                clock_time
                0x0000000000011059                clock_seconds
                0x0000000000011081                clock_delay
 .text          0x0000000000011099      0x1f6 build/cooja/contiki-ng-cooja.a(cooja-log.o)
                0x0000000000011099                simlog_char
                0x00000000000110f2                simlog
                0x0000000000011172                log_message
                0x00000000000111ab                log_set_putchar_with_slip
                0x00000000000111be                dbg_putchar
                0x000000000001123b                dbg_send_bytes
 .text          0x000000000001128f      0x36e build/cooja/contiki-ng-cooja.a(cfs-cooja.o)
                0x000000000001128f                cfs_open
                0x0000000000011308                cfs_close
                0x0000000000011319                cfs_read
                0x00000000000113dd                cfs_write
                0x00000000000114e7                cfs_seek
                0x0000000000011592                cfs_remove
                0x00000000000115be                cfs_opendir
                0x00000000000115d1                cfs_readdir
                0x00000000000115e4                cfs_closedir
 .text          0x00000000000115fd      0x730 build/cooja/contiki-ng-cooja.a(cooja-radio.o)
                0x000000000001164c                radio_set_channel
                0x0000000000011662                radio_set_txpower
                0x000000000001167b                radio_signal_strength_last
                0x000000000001168a                radio_signal_strength_current
                0x0000000000011699                radio_LQI
 .text          0x0000000000011d2d      0x151 build/cooja/contiki-ng-cooja.a(eeprom.o)
                0x0000000000011d2d                eeprom_init
                0x0000000000011d38                eeprom_read
                0x0000000000011dd4                eeprom_write
 .text          0x0000000000011e7e       0x27 build/cooja/contiki-ng-cooja.a(random.o)
                0x0000000000011e7e                random_init
                0x0000000000011e9a                random_rand
 .text          0x0000000000011ea5      0x33f build/cooja/contiki-ng-cooja.a(sensors.o)
                0x0000000000011eea                sensors_first
                0x0000000000011efa                sensors_next
                0x0000000000011f25                sensors_changed
                0x0000000000011f6e                sensors_find
 .text          0x00000000000121e4      0x386 build/cooja/contiki-ng-cooja.a(leds.o)
                0x00000000000121e4                leds_init
                0x000000000001222b                leds_single_on
                0x0000000000012294                leds_single_off
                0x00000000000122fd                leds_single_toggle
                0x0000000000012331                leds_on
                0x00000000000123bd                leds_off
                0x0000000000012449                leds_toggle
                0x00000000000124a0                leds_set
                0x00000000000124c5                leds_get
 .text          0x000000000001256a      0x3ce build/cooja/contiki-ng-cooja.a(gpio-hal-arch.o)
                0x000000000001256a                gpio_hal_arch_register_pin_callback
                0x000000000001260a                gpio_hal_arch_init
                0x0000000000012653                gpio_hal_arch_no_port_interrupt_enable
                0x000000000001269c                gpio_hal_arch_no_port_interrupt_disable
                0x00000000000126e5                gpio_hal_arch_no_port_pin_cfg_set
                0x0000000000012717                gpio_hal_arch_no_port_pin_cfg_get
                0x0000000000012747                gpio_hal_arch_no_port_pin_set_input
                0x0000000000012756                gpio_hal_arch_no_port_pin_set_output
                0x0000000000012765                gpio_hal_arch_no_port_set_pin
                0x0000000000012785                gpio_hal_arch_no_port_clear_pin
                0x00000000000127a5                gpio_hal_arch_no_port_read_pin
                0x00000000000127cf                gpio_hal_arch_no_port_write_pin
                0x00000000000127f5                gpio_hal_arch_no_port_set_pins
                0x000000000001283f                gpio_hal_arch_no_port_clear_pins
                0x0000000000012889                gpio_hal_arch_no_port_read_pins
                0x00000000000128d4                gpio_hal_arch_no_port_write_pins
 .text          0x0000000000012938       0x94 build/cooja/contiki-ng-cooja.a(buttons.o)
 .text          0x00000000000129cc      0x3b1 build/cooja/contiki-ng-cooja.a(dehumidification.o)
 .text          0x0000000000012d7d      0x3ec build/cooja/contiki-ng-cooja.a(heating.o)
 .text          0x0000000000013169      0x2dd build/cooja/contiki-ng-cooja.a(coap-blocking-api.o)
                0x0000000000013169                coap_blocking_request_callback
                0x00000000000131a0                coap_blocking_request
 .text          0x0000000000013446      0xd4f build/cooja/contiki-ng-cooja.a(coap-engine.o)
                0x0000000000013515                coap_add_handler
                0x000000000001353a                coap_remove_handler
                0x000000000001355f                coap_call_handlers
                0x0000000000013695                coap_receive
                0x0000000000013d3d                coap_engine_init
                0x0000000000013d96                coap_activate_resource
                0x0000000000013e60                coap_get_first_resource
                0x0000000000013e75                coap_get_next_resource
 .text          0x0000000000014195      0x373 build/cooja/contiki-ng-cooja.a(coap-res-well-known-core.o)
 .text          0x0000000000014508      0xa65 build/cooja/contiki-ng-cooja.a(coap-observe.o)
                0x0000000000014652                coap_remove_observer
                0x000000000001468a                coap_remove_observer_by_client
                0x00000000000146fc                coap_remove_observer_by_token
                0x00000000000147a6                coap_remove_observer_by_uri
                0x000000000001485f                coap_remove_observer_by_mid
                0x00000000000148e5                coap_notify_observers
                0x0000000000014905                coap_notify_observers_sub
                0x0000000000014dad                coap_observe_handler
                0x0000000000014efa                coap_has_observers
 .text          0x0000000000014f6d      0x856 build/cooja/contiki-ng-cooja.a(coap-uip.o)
                0x0000000000014f6d                coap_endpoint_log
                0x0000000000014ff9                coap_endpoint_print
                0x0000000000015085                coap_endpoint_snprint
                0x000000000001520a                coap_endpoint_copy
                0x000000000001524e                coap_endpoint_cmp
                0x0000000000015397                coap_endpoint_parse
                0x00000000000155bd                coap_endpoint_is_secure
                0x00000000000155d2                coap_endpoint_is_connected
                0x0000000000015614                coap_endpoint_connect
                0x0000000000015636                coap_endpoint_disconnect
                0x0000000000015641                coap_databuf
                0x0000000000015651                coap_transport_init
                0x00000000000156a9                coap_sendto
 .text          0x00000000000157c3      0x30d build/cooja/contiki-ng-cooja.a(coap-timer.o)
                0x00000000000158d1                coap_timer_stop
                0x0000000000015906                coap_timer_set
                0x000000000001593c                coap_timer_reset
                0x0000000000015972                coap_timer_time_to_next_expiration
                0x00000000000159c7                coap_timer_run
                0x0000000000015a8b                coap_timer_init
 .text          0x0000000000015ad0      0x319 build/cooja/contiki-ng-cooja.a(coap-transactions.o)
                0x0000000000015b5e                coap_new_transaction
                0x0000000000015bce                coap_send_transaction
                0x0000000000015d42                coap_clear_transaction
                0x0000000000015d91                coap_get_transaction_by_mid
 .text          0x0000000000015de9     0x2418 build/cooja/contiki-ng-cooja.a(coap.o)
                0x00000000000164b8                coap_init_connection
                0x00000000000164cb                coap_get_mid
                0x00000000000164e9                coap_init_message
                0x000000000001653b                coap_serialize_message
                0x0000000000016cc3                coap_parse_message
                0x000000000001750a                coap_get_query_variable
                0x0000000000017562                coap_get_post_variable
                0x00000000000175b8                coap_set_status_code
                0x00000000000175e6                coap_set_token
                0x0000000000017641                coap_get_header_content_format
                0x0000000000017685                coap_set_header_content_format
                0x00000000000176b9                coap_get_header_accept
                0x0000000000017700                coap_set_header_accept
                0x0000000000017737                coap_get_header_max_age
                0x000000000001777c                coap_set_header_max_age
                0x00000000000177ad                coap_get_header_etag
                0x00000000000177f5                coap_set_header_etag
                0x0000000000017861                coap_get_header_if_match
                0x00000000000178af                coap_set_header_if_match
                0x0000000000017927                coap_get_header_if_none_match
                0x000000000001794e                coap_set_header_if_none_match
                0x0000000000017972                coap_get_header_proxy_uri
                0x00000000000179b7                coap_set_header_proxy_uri
                0x0000000000017a05                coap_get_header_uri_host
                0x0000000000017a4a                coap_set_header_uri_host
                0x0000000000017a98                coap_get_header_uri_path
                0x0000000000017ae3                coap_set_header_uri_path
                0x0000000000017b4c                coap_get_header_uri_query
                0x0000000000017b97                coap_set_header_uri_query
                0x0000000000017c00                coap_get_header_location_path
                0x0000000000017c45                coap_set_header_location_path
                0x0000000000017d00                coap_get_header_location_query
                0x0000000000017d4b                coap_set_header_location_query
                0x0000000000017db4                coap_get_header_observe
                0x0000000000017df9                coap_set_header_observe
                0x0000000000017e2d                coap_get_header_block2
                0x0000000000017ecb                coap_set_header_block2
                0x0000000000017f57                coap_get_header_block1
                0x0000000000017ff5                coap_set_header_block1
                0x000000000001807c                coap_get_header_size2
                0x00000000000180bf                coap_set_header_size2
                0x00000000000180f3                coap_get_header_size1
                0x0000000000018136                coap_set_header_size1
                0x000000000001816a                coap_get_payload
                0x00000000000181b6                coap_set_payload
 .text          0x0000000000018201      0x395 build/cooja/contiki-ng-cooja.a(contiki-main.o)
                0x0000000000018201                main
 .text          0x0000000000018596       0xb3 build/cooja/contiki-ng-cooja.a(autostart.o)
                0x0000000000018596                autostart_start
                0x00000000000185f2                autostart_exit
 .text          0x0000000000018649      0x421 build/cooja/contiki-ng-cooja.a(ctimer.o)
                0x00000000000187a7                ctimer_init
                0x00000000000187d8                ctimer_set
                0x0000000000018818                ctimer_set_with_process
                0x00000000000188ce                ctimer_reset
                0x000000000001893b                ctimer_restart
                0x00000000000189a8                ctimer_stop
                0x0000000000018a02                ctimer_expired
 .text          0x0000000000018a6a      0x4fa build/cooja/contiki-ng-cooja.a(log.o)
                0x0000000000018a6a                log_6addr
                0x0000000000018ac9                log_6addr_compact_snprint
                0x0000000000018ba0                log_6addr_compact
                0x0000000000018bff                log_lladdr
                0x0000000000018c75                log_lladdr_compact
                0x0000000000018cec                log_bytes
                0x0000000000018d44                log_set_level
                0x0000000000018e4a                log_get_level
                0x0000000000018efd                log_level_to_str
 .text          0x0000000000018f64       0x19 build/cooja/contiki-ng-cooja.a(energest.o)
                0x0000000000018f64                energest_init
                0x0000000000018f6b                energest_flush
                0x0000000000018f72                energest_get_total_time
 .text          0x0000000000018f7d      0x540 build/cooja/contiki-ng-cooja.a(etimer.o)
                0x000000000001921d                etimer_request_poll
                0x00000000000192c7                etimer_set
                0x00000000000192f9                etimer_reset_with_new_interval
                0x0000000000019330                etimer_reset
                0x0000000000019357                etimer_restart
                0x000000000001937e                etimer_adjust
                0x00000000000193ab                etimer_expired
                0x00000000000193c6                etimer_expiration_time
                0x00000000000193e2                etimer_start_time
                0x00000000000193f3                etimer_pending
                0x0000000000019409                etimer_next_expiration_time
                0x0000000000019426                etimer_stop
 .text          0x00000000000194bd       0x32 build/cooja/contiki-ng-cooja.a(node-id.o)
                0x00000000000194bd                node_id_init
 .text          0x00000000000194ef       0xf6 build/cooja/contiki-ng-cooja.a(rtimer.o)
                0x00000000000194ef                rtimer_init
                0x00000000000194fb                rtimer_set
                0x0000000000019578                rtimer_run_next
 .text          0x00000000000195e5      0x641 build/cooja/contiki-ng-cooja.a(process.o)
                0x00000000000195e5                process_alloc_event
                0x00000000000195fb                process_start
                0x0000000000019860                process_exit
                0x0000000000019888                process_init
                0x0000000000019a78                process_run
                0x0000000000019aa9                process_nevents
                0x0000000000019ac5                process_post
                0x0000000000019b89                process_post_synch
                0x0000000000019bd3                process_poll
                0x0000000000019c0c                process_is_running
 .text          0x0000000000019c26       0xf3 build/cooja/contiki-ng-cooja.a(timer.o)
                0x0000000000019c26                timer_set
                0x0000000000019c54                timer_reset
                0x0000000000019c8c                timer_restart
                0x0000000000019caa                timer_expired
                0x0000000000019ce7                timer_remaining
 .text          0x0000000000019d19      0x367 build/cooja/contiki-ng-cooja.a(list.o)
                0x0000000000019d19                list_init
                0x0000000000019d2f                list_head
                0x0000000000019d40                list_copy
                0x0000000000019d5d                list_tail
                0x0000000000019da2                list_add
                0x0000000000019e02                list_push
                0x0000000000019e41                list_chop
                0x0000000000019eca                list_pop
                0x0000000000019f00                list_remove
                0x0000000000019f88                list_length
                0x0000000000019fbf                list_insert
                0x000000000001a01e                list_item_next
                0x000000000001a03d                list_contains
 .text          0x000000000001a080      0x206 build/cooja/contiki-ng-cooja.a(memb.o)
                0x000000000001a080                memb_init
                0x000000000001a0df                memb_alloc
                0x000000000001a155                memb_free
                0x000000000001a1e4                memb_inmemb
                0x000000000001a237                memb_numfree
 .text          0x000000000001a286      0x54c build/cooja/contiki-ng-cooja.a(button-hal.o)
                0x000000000001a43b                button_hal_get_by_id
                0x000000000001a485                button_hal_get_by_index
                0x000000000001a4b8                button_hal_get_state
                0x000000000001a517                button_hal_init
 .text          0x000000000001a7d2      0x217 build/cooja/contiki-ng-cooja.a(serial-line.o)
                0x000000000001a7d2                serial_line_input_byte
                0x000000000001a9b6                serial_line_init
 .text          0x000000000001a9e9      0x164 build/cooja/contiki-ng-cooja.a(gpio-hal.o)
                0x000000000001a9e9                gpio_hal_register_handler
                0x000000000001aa0e                gpio_hal_event_handler
                0x000000000001aa74                gpio_hal_init
                0x000000000001aa8f                gpio_hal_arch_port_toggle_pin
                0x000000000001aac2                gpio_hal_arch_port_toggle_pins
                0x000000000001aaef                gpio_hal_arch_no_port_toggle_pin
                0x000000000001ab25                gpio_hal_arch_no_port_toggle_pins
 .text          0x000000000001ab4d      0x330 build/cooja/contiki-ng-cooja.a(queuebuf.o)
                0x000000000001ab5e                queuebuf_init
                0x000000000001ab7d                queuebuf_numfree
                0x000000000001ab8f                queuebuf_new_from_packetbuf
                0x000000000001ac38                queuebuf_update_attr_from_packetbuf
                0x000000000001ac77                queuebuf_update_from_packetbuf
                0x000000000001accf                queuebuf_free
                0x000000000001ad1e                queuebuf_to_packetbuf
                0x000000000001ad90                queuebuf_dataptr
                0x000000000001add0                queuebuf_datalen
                0x000000000001adfc                queuebuf_addr
                0x000000000001ae3f                queuebuf_attr
                0x000000000001ae76                queuebuf_debug_print
 .text          0x000000000001ae7d      0x458 build/cooja/contiki-ng-cooja.a(packetbuf.o)
                0x000000000001ae7d                packetbuf_clear
                0x000000000001aea7                packetbuf_copyfrom
                0x000000000001aefd                packetbuf_copyto
                0x000000000001afa0                packetbuf_hdralloc
                0x000000000001b02b                packetbuf_hdrreduce
                0x000000000001b077                packetbuf_set_datalen
                0x000000000001b08f                packetbuf_dataptr
                0x000000000001b0b1                packetbuf_hdrptr
                0x000000000001b0be                packetbuf_datalen
                0x000000000001b0cb                packetbuf_hdrlen
                0x000000000001b0e3                packetbuf_totlen
                0x000000000001b102                packetbuf_remaininglen
                0x000000000001b116                packetbuf_attr_clear
                0x000000000001b176                packetbuf_attr_copyto
                0x000000000001b1bd                packetbuf_attr_copyfrom
                0x000000000001b204                packetbuf_set_attr
                0x000000000001b230                packetbuf_attr
                0x000000000001b24d                packetbuf_set_addr
                0x000000000001b28f                packetbuf_addr
                0x000000000001b2b5                packetbuf_holds_broadcast
 .text          0x000000000001b2d5      0x11b build/cooja/contiki-ng-cooja.a(netstack.o)
                0x000000000001b2d5                netstack_process_ip_callback
                0x000000000001b372                netstack_ip_packet_processor_add
                0x000000000001b39e                uip_ds6_ip_packet_processor_rm
                0x000000000001b3c3                netstack_init
 .text          0x000000000001b3f0       0x74 build/cooja/contiki-ng-cooja.a(linkaddr.o)
                0x000000000001b3f0                linkaddr_copy
                0x000000000001b40d                linkaddr_cmp
                0x000000000001b43f                linkaddr_set_node_addr
 .text          0x000000000001b464      0x10b build/cooja/contiki-ng-cooja.a(printf.o)
                0x000000000001b495                log_printf
 .text          0x000000000001b56f      0x1e9 build/cooja/contiki-ng-cooja.a(snprintf.o)
                0x000000000001b5f3                log_snprintf
                0x000000000001b6d4                log_vsnprintf
 .text          0x000000000001b758       0x39 build/cooja/contiki-ng-cooja.a(puts.o)
                0x000000000001b758                log_puts
 .text          0x000000000001b791       0x1a build/cooja/contiki-ng-cooja.a(putchar.o)
                0x000000000001b791                log_putchar
 .text          0x000000000001b7ab      0x27f build/cooja/contiki-ng-cooja.a(csma.o)
 .text          0x000000000001ba2a      0xa73 build/cooja/contiki-ng-cooja.a(csma-output.o)
                0x000000000001c1b9                csma_output_packet
                0x000000000001c472                csma_output_init
 .text          0x000000000001c49d      0xe33 build/cooja/contiki-ng-cooja.a(uip-ds6.o)
                0x000000000001c49d                uip_ds6_default_prefix
                0x000000000001c4aa                uip_ds6_set_default_prefix
                0x000000000001c4ce                uip_ds6_init
                0x000000000001c75c                uip_ds6_periodic
                0x000000000001c7fa                uip_ds6_list_loop
                0x000000000001c8df                uip_ds6_prefix_add
                0x000000000001c9ac                uip_ds6_prefix_rm
                0x000000000001c9c6                uip_ds6_prefix_lookup
                0x000000000001ca19                uip_ds6_is_addr_onlink
                0x000000000001caa9                uip_ds6_addr_add
                0x000000000001cbea                uip_ds6_addr_rm
                0x000000000001cc9e                uip_ds6_addr_lookup
                0x000000000001ccec                uip_ds6_get_link_local
                0x000000000001cd8d                uip_ds6_get_global
                0x000000000001ce2e                uip_ds6_maddr_add
                0x000000000001cea3                uip_ds6_maddr_rm
                0x000000000001cebd                uip_ds6_maddr_lookup
                0x000000000001cf0e                uip_ds6_aaddr_add
                0x000000000001cf83                uip_ds6_aaddr_rm
                0x000000000001cf9d                uip_ds6_aaddr_lookup
                0x000000000001cfee                uip_ds6_select_src
                0x000000000001d174                uip_ds6_set_addr_iid
                0x000000000001d1a9                uip_ds6_set_lladdr_from_iid
                0x000000000001d1dc                get_match_length
                0x000000000001d286                uip_ds6_compute_reachable_time
 .text          0x000000000001d2d0      0x13c build/cooja/contiki-ng-cooja.a(uip-udp-packet.o)
                0x000000000001d2d0                uip_udp_packet_send
                0x000000000001d34b                uip_udp_packet_sendto
 .text          0x000000000001d40c      0xb70 build/cooja/contiki-ng-cooja.a(uip-ds6-route.o)
                0x000000000001d50b                uip_ds6_notification_add
                0x000000000001d54e                uip_ds6_notification_rm
                0x000000000001d573                uip_ds6_route_init
                0x000000000001d5d8                uip_ds6_route_count_nexthop_neighbors
                0x000000000001d665                uip_ds6_route_nexthop
                0x000000000001d695                uip_ds6_route_head
                0x000000000001d6aa                uip_ds6_route_next
                0x000000000001d6da                uip_ds6_route_is_nexthop
                0x000000000001d728                uip_ds6_route_num_routes
                0x000000000001d734                uip_ds6_route_lookup
                0x000000000001d81f                uip_ds6_route_add
                0x000000000001da94                uip_ds6_route_rm
                0x000000000001dc5b                uip_ds6_route_rm_by_nexthop
                0x000000000001dca3                uip_ds6_defrt_head
                0x000000000001dcb8                uip_ds6_defrt_add
                0x000000000001dd86                uip_ds6_defrt_rm
                0x000000000001de12                uip_ds6_defrt_lookup
                0x000000000001de85                uip_ds6_defrt_choose
                0x000000000001df04                uip_ds6_defrt_periodic
 .text          0x000000000001df7c      0x830 build/cooja/contiki-ng-cooja.a(tcpip.o)
                0x000000000001dfa8                tcpip_output
                0x000000000001e034                udp_attach
                0x000000000001e05e                udp_new
                0x000000000001e0b5                udp_broadcast_new
                0x000000000001e252                tcpip_input
                0x000000000001e415                tcpip_ipv6_output
                0x000000000001e66b                tcpip_poll_udp
                0x000000000001e695                tcpip_uipcall
 .text          0x000000000001e7ac     0x1679 build/cooja/contiki-ng-cooja.a(uip6.o)
                0x000000000001e86c                uip_chksum
                0x000000000001e94e                uip_icmp6chksum
                0x000000000001e95e                uip_udpchksum
                0x000000000001e96e                uip_init
                0x000000000001e9d0                uip_remove_ext_hdr
                0x000000000001eacd                uip_udp_new
                0x000000000001ee5d                uip_process
                0x000000000001fcb4                uip_htons
                0x000000000001fcd3                uip_htonl
                0x000000000001fd17                uip_send
 .text          0x000000000001fe25      0x3e1 build/cooja/contiki-ng-cooja.a(uip-ds6-nbr.o)
                0x000000000001fe25                uip_ds6_neighbors_init
                0x000000000001fe4a                uip_ds6_nbr_add
                0x000000000001fee4                uip_ds6_nbr_rm
                0x000000000001ff3d                uip_ds6_nbr_update_ll
                0x0000000000020041                uip_ds6_nbr_get_ipaddr
                0x000000000002005d                uip_ds6_nbr_get_ll
                0x0000000000020081                uip_ds6_nbr_num
                0x00000000000200cf                uip_ds6_nbr_head
                0x00000000000200e4                uip_ds6_nbr_next
                0x0000000000020108                uip_ds6_nbr_lookup
                0x000000000002016d                uip_ds6_nbr_ll_lookup
                0x0000000000020191                uip_ds6_nbr_ipaddr_from_lladdr
                0x00000000000201c1                uip_ds6_nbr_lladdr_from_ipaddr
                0x00000000000201f9                uip_ds6_link_callback
 .text          0x0000000000020206      0x86a build/cooja/contiki-ng-cooja.a(uip-nd6.o)
                0x0000000000020a5d                uip_nd6_init
 .text          0x0000000000020a70     0x3765 build/cooja/contiki-ng-cooja.a(sicslowpan.o)
                0x000000000002123c                netstack_sniffer_add
                0x0000000000021252                netstack_sniffer_remove
                0x00000000000241a6                sicslowpan_init
                0x00000000000241c9                sicslowpan_get_last_rssi
 .text          0x00000000000241d5      0x571 build/cooja/contiki-ng-cooja.a(uiplib.o)
                0x00000000000241d5                uiplib_ip6addrconv
                0x00000000000243b7                uiplib_ip4addrconv
                0x0000000000024485                uiplib_ipaddr_print
                0x00000000000244e4                uiplib_ipaddr_snprint
 .text          0x0000000000024746      0x629 build/cooja/contiki-ng-cooja.a(rpl.o)
                0x0000000000024746                rpl_lollipop_greater_than
                0x00000000000247a6                rpl_get_global_address
                0x0000000000024942                rpl_link_callback
                0x00000000000249a8                rpl_has_joined
                0x00000000000249d7                rpl_is_reachable
                0x0000000000024a75                rpl_reset_prefix
                0x0000000000024ae8                rpl_set_prefix_from_addr
                0x0000000000024bf6                rpl_set_prefix
                0x0000000000024d4c                rpl_set_leaf_only
                0x0000000000024d62                rpl_get_leaf_only
 .text          0x0000000000024d6f     0x1696 build/cooja/contiki-ng-cooja.a(rpl-icmp6.o)
                0x0000000000024ef3                rpl_icmp6_update_nbr_table
                0x0000000000024fa0                rpl_icmp6_dis_output
                0x00000000000256af                rpl_icmp6_dio_output
                0x0000000000025fd4                rpl_icmp6_dao_output
                0x000000000002633c                rpl_icmp6_dao_ack_output
                0x00000000000263ce                rpl_icmp6_init
 .text          0x0000000000026405      0x33f build/cooja/contiki-ng-cooja.a(rpl-dag-root.o)
                0x0000000000026405                rpl_dag_root_print_links
                0x000000000002656b                rpl_dag_root_set_prefix
                0x00000000000265a3                rpl_dag_root_start
                0x0000000000026708                rpl_dag_root_is_root
 .text          0x0000000000026744       0x35 build/cooja/contiki-ng-cooja.a(watchdog.o)
                0x0000000000026744                watchdog_init
                0x000000000002674b                watchdog_start
                0x0000000000026752                watchdog_periodic
                0x000000000002676b                watchdog_stop
                0x0000000000026772                watchdog_reboot
 .text          0x0000000000026779       0x51 build/cooja/contiki-ng-cooja.a(int-master.o)
                0x0000000000026779                int_master_enable
                0x000000000002678a                int_master_read_and_disable
                0x00000000000267a6                int_master_status_set
                0x00000000000267b9                int_master_is_enabled
 .text          0x00000000000267ca      0x803 build/cooja/contiki-ng-cooja.a(coap-observe-client.o)
                0x0000000000026893                coap_obs_add_observee
                0x000000000002695c                coap_obs_remove_observee
                0x0000000000026994                coap_get_obs_subject_by_token
                0x0000000000026a10                coap_obs_remove_observee_by_token
                0x0000000000026aba                coap_obs_remove_observee_by_url
                0x0000000000026c4f                coap_handle_notification
                0x0000000000026dd6                coap_generate_token
                0x0000000000026e03                coap_obs_request_registration
 .text          0x0000000000026fcd      0x1ce build/cooja/contiki-ng-cooja.a(coap-timer-default.o)
 .text          0x000000000002719b      0x11a build/cooja/contiki-ng-cooja.a(stimer.o)
                0x000000000002719b                stimer_set
                0x00000000000271c9                stimer_reset
                0x0000000000027201                stimer_restart
                0x000000000002721f                stimer_expired
                0x0000000000027260                stimer_remaining
                0x0000000000027292                stimer_elapsed
 .text          0x00000000000272b5      0x189 build/cooja/contiki-ng-cooja.a(ringbuf.o)
                0x00000000000272b5                ringbuf_init
                0x00000000000272f2                ringbuf_put
                0x000000000002737d                ringbuf_get
                0x00000000000273f7                ringbuf_size
                0x000000000002740f                ringbuf_elements
 .text          0x000000000002743e       0x2d build/cooja/contiki-ng-cooja.a(assert.o)
                0x000000000002743e                _xassert
 .text          0x000000000002746b      0xc19 build/cooja/contiki-ng-cooja.a(nbr-table.o)
                0x00000000000278a1                nbr_table_count_entries
                0x000000000002793a                nbr_table_gc_get_worst
                0x000000000002797a                nbr_table_can_accept_new
                0x0000000000027b21                nbr_table_entry_is_allowed
                0x0000000000027bc3                nbr_table_register
                0x0000000000027c51                nbr_table_is_registered
                0x0000000000027ca4                nbr_table_head
                0x0000000000027d0b                nbr_table_next
                0x0000000000027d81                nbr_table_add_lladdr
                0x0000000000027eda                nbr_table_get_from_lladdr
                0x0000000000027f32                nbr_table_remove
                0x0000000000027f82                nbr_table_lock
                0x0000000000027fb0                nbr_table_unlock
                0x0000000000027fde                nbr_table_get_lladdr
                0x000000000002801d                nbr_table_clear
                0x0000000000028055                nbr_table_key_head
                0x000000000002806a                nbr_table_key_next
 .text          0x0000000000028084      0x45c build/cooja/contiki-ng-cooja.a(link-stats.o)
                0x0000000000028084                link_stats_from_lladdr
                0x00000000000280a8                link_stats_get_lladdr
                0x00000000000280cc                link_stats_is_fresh
                0x0000000000028116                guess_etx_from_rssi
                0x0000000000028198                link_stats_packet_sent
                0x00000000000282f8                link_stats_input_callback
                0x000000000002844e                link_stats_reset
                0x00000000000284a5                link_stats_init
 .text          0x00000000000284e0      0x1da build/cooja/contiki-ng-cooja.a(mac-sequence.o)
                0x00000000000284e0                mac_sequence_is_duplicate
                0x00000000000285c1                mac_sequence_register_seqno
 .text          0x00000000000286ba       0x33 build/cooja/contiki-ng-cooja.a(mac.o)
                0x00000000000286ba                mac_call_sent_callback
 .text          0x00000000000286ed      0x442 build/cooja/contiki-ng-cooja.a(framer-802154.o)
                0x0000000000028884                framer_802154_setup_params
 .text          0x0000000000028b2f      0xc84 build/cooja/contiki-ng-cooja.a(frame802154.o)
                0x0000000000028b5d                frame802154_get_pan_id
                0x0000000000028b6a                frame802154_set_pan_id
                0x0000000000028b82                frame802154_has_panid
                0x0000000000028d5d                frame802154_check_dest_panid
                0x0000000000028df8                frame802154_is_broadcast_addr
                0x0000000000028e4b                frame802154_extract_linkaddr
                0x00000000000290e1                frame802154_hdrlen
                0x000000000002915c                frame802154_create_fcf
                0x000000000002922a                frame802154_create
                0x00000000000293d0                frame802154_parse_fcf
                0x00000000000294c3                frame802154_parse
 .text          0x00000000000297b3     0x16ba build/cooja/contiki-ng-cooja.a(strformat.o)
                0x0000000000029b25                format_str
                0x0000000000029c02                format_str_v
 .text          0x000000000002ae6d       0x35 build/cooja/contiki-ng-cooja.a(csma-security.o)
                0x000000000002ae6d                csma_security_create_frame
                0x000000000002ae8f                csma_security_parse_frame
 .text          0x000000000002aea2      0x57a build/cooja/contiki-ng-cooja.a(uipbuf.o)
                0x000000000002aea2                uipbuf_clear
                0x000000000002aed0                uipbuf_add_ext_hdr
                0x000000000002af64                uipbuf_set_len
                0x000000000002af92                uipbuf_set_len_field
                0x000000000002afc1                uipbuf_get_len_field
                0x000000000002afe8                uipbuf_get_next_header
                0x000000000002b154                uipbuf_get_last_header
                0x000000000002b1e9                uipbuf_search_header
                0x000000000002b2b4                uipbuf_get_attr
                0x000000000002b2e1                uipbuf_set_attr
                0x000000000002b31d                uipbuf_set_default_attr
                0x000000000002b359                uipbuf_clear_attr
                0x000000000002b37c                uipbuf_set_attr_flag
                0x000000000002b39b                uipbuf_clr_attr_flag
                0x000000000002b3c0                uipbuf_is_attr_flag
                0x000000000002b3e1                uipbuf_init
 .text          0x000000000002b41c      0x88f build/cooja/contiki-ng-cooja.a(uip-icmp6.o)
                0x000000000002b495                uip_icmp6_input
                0x000000000002b4ef                uip_icmp6_register_input_handler
                0x000000000002b67d                uip_icmp6_error_output
                0x000000000002b9e0                uip_icmp6_send
                0x000000000002bc24                uip_icmp6_echo_reply_callback_add
                0x000000000002bc67                uip_icmp6_echo_reply_callback_rm
                0x000000000002bc8c                uip_icmp6_init
 .text          0x000000000002bcab      0x7ad build/cooja/contiki-ng-cooja.a(uip-sr.o)
                0x000000000002bcab                uip_sr_num_nodes
                0x000000000002bd4e                uip_sr_get_node
                0x000000000002bdb2                uip_sr_is_addr_reachable
                0x000000000002be76                uip_sr_expire_parent
                0x000000000002bee1                uip_sr_update_node
                0x000000000002c04e                uip_sr_init
                0x000000000002c07a                uip_sr_node_head
                0x000000000002c08f                uip_sr_node_next
                0x000000000002c0a9                uip_sr_periodic
                0x000000000002c1de                uip_sr_free_all
                0x000000000002c255                uip_sr_link_snprint
 .text          0x000000000002c458      0x197 build/cooja/contiki-ng-cooja.a(uip-packetqueue.o)
                0x000000000002c490                uip_packetqueue_new
                0x000000000002c4a6                uip_packetqueue_alloc
                0x000000000002c51c                uip_packetqueue_free
                0x000000000002c56d                uip_packetqueue_buf
                0x000000000002c595                uip_packetqueue_buflen
                0x000000000002c5c0                uip_packetqueue_set_buflen
 .text          0x000000000002c5ef       0x85 build/cooja/contiki-ng-cooja.a(rpl-nbr-policy.o)
                0x000000000002c633                rpl_nbr_gc_get_worst
 .text          0x000000000002c674      0xa97 build/cooja/contiki-ng-cooja.a(rpl-neighbor.o)
                0x000000000002c703                rpl_neighbor_snprint
                0x000000000002ca3a                rpl_neighbor_print_list
                0x000000000002cb0d                rpl_neighbor_count
                0x000000000002cbf0                rpl_neighbor_get_from_lladdr
                0x000000000002cc17                rpl_neighbor_is_acceptable_parent
                0x000000000002cc5f                rpl_neighbor_get_link_metric
                0x000000000002cca7                rpl_neighbor_rank_via_nbr
                0x000000000002ccef                rpl_neighbor_get_lladdr
                0x000000000002cd16                rpl_neighbor_get_ipaddr
                0x000000000002cd40                rpl_neighbor_get_link_stats
                0x000000000002cd6a                rpl_neighbor_is_fresh
                0x000000000002cd94                rpl_neighbor_is_parent
                0x000000000002cdc9                rpl_neighbor_set_preferred_parent
                0x000000000002ce7c                rpl_neighbor_remove_all
                0x000000000002cede                rpl_neighbor_get_from_ipaddr
                0x000000000002d00f                rpl_neighbor_select_best
                0x000000000002d0eb                rpl_neighbor_init
 .text          0x000000000002d10b     0x1172 build/cooja/contiki-ng-cooja.a(rpl-dag.o)
                0x000000000002d10b                rpl_dag_state_to_str
                0x000000000002d158                rpl_dag_get_root_ipaddr
                0x000000000002d19e                rpl_dag_leave
                0x000000000002d242                rpl_dag_poison_and_leave
                0x000000000002d25c                rpl_dag_periodic
                0x000000000002d31c                rpl_is_addr_in_our_dag
                0x000000000002d371                rpl_get_default_instance
                0x000000000002d394                rpl_get_any_dag
                0x000000000002d3f9                rpl_refresh_routes
                0x000000000002d457                rpl_global_repair
                0x000000000002d50b                rpl_local_repair
                0x000000000002d566                rpl_dag_ready_to_advertise
                0x000000000002d5ba                rpl_dag_update_state
                0x000000000002de55                rpl_process_dio
                0x000000000002def0                rpl_process_dis
                0x000000000002df3d                rpl_process_dao
                0x000000000002dfe2                rpl_process_dao_ack
                0x000000000002e08b                rpl_process_hbh
                0x000000000002e0e6                rpl_dag_init_root
                0x000000000002e25d                rpl_dag_init
 .text          0x000000000002e27d      0xc9b build/cooja/contiki-ng-cooja.a(rpl-timers.o)
                0x000000000002e27d                rpl_timers_schedule_periodic_dis
                0x000000000002e446                rpl_timers_dio_reset
                0x000000000002e5bf                rpl_timers_schedule_unicast_dio
                0x000000000002e78a                rpl_timers_schedule_dao
                0x000000000002e885                rpl_timers_schedule_dao_ack
                0x000000000002e939                rpl_timers_notify_dao_ack
                0x000000000002e9a3                get_probing_delay
                0x000000000002e9ec                get_probing_target
                0x000000000002ec2c                rpl_schedule_probing
                0x000000000002ec69                rpl_schedule_probing_now
                0x000000000002ecec                rpl_timers_unschedule_leaving
                0x000000000002ed2c                rpl_timers_schedule_leaving
                0x000000000002ed7d                rpl_timers_init
                0x000000000002ee1e                rpl_timers_stop_dag_timers
                0x000000000002eea7                rpl_timers_unschedule_state_update
                0x000000000002eecd                rpl_timers_schedule_state_update
 .text          0x000000000002ef18      0xdd9 build/cooja/contiki-ng-cooja.a(rpl-ext-header.o)
                0x000000000002ef18                rpl_ext_header_srh_get_next_hop
                0x000000000002f022                rpl_ext_header_srh_update
                0x000000000002f6b4                rpl_ext_header_hbh_update
                0x000000000002fa4f                rpl_ext_header_update
                0x000000000002faf5                rpl_ext_header_remove
 .text          0x000000000002fcf1      0x354 build/cooja/contiki-ng-cooja.a(rpl-mrhof.o)
 .text          0x0000000000030045        0x0 /usr/lib/gcc/x86_64-linux-gnu/7/crtendS.o
 .text          0x0000000000030045        0x0 /usr/lib/gcc/x86_64-linux-gnu/7/../../../x86_64-linux-gnu/crtn.o
 *(.gnu.warning)

.fini           0x0000000000030048        0x9
 *(SORT_NONE(.fini))
 .fini          0x0000000000030048        0x4 /usr/lib/gcc/x86_64-linux-gnu/7/../../../x86_64-linux-gnu/crti.o
                0x0000000000030048                _fini
 .fini          0x000000000003004c        0x5 /usr/lib/gcc/x86_64-linux-gnu/7/../../../x86_64-linux-gnu/crtn.o
                [!provide]                        PROVIDE (__etext = .)
                [!provide]                        PROVIDE (_etext = .)
                [!provide]                        PROVIDE (etext = .)

.rodata         0x0000000000030060      0xe23
 *(.rodata .rodata.* .gnu.linkonce.r.*)
 .rodata        0x0000000000030060       0xda coap-node.o
 .rodata        0x000000000003013a        0x6 build/cooja/contiki-ng-cooja.a(leds-arch.o)
                0x000000000003013a                leds_arch_leds
 .rodata        0x0000000000030140        0x4 build/cooja/contiki-ng-cooja.a(pir-sensor.o)
 .rodata        0x0000000000030144        0x3 build/cooja/contiki-ng-cooja.a(rs232.o)
 .rodata        0x0000000000030147        0xa build/cooja/contiki-ng-cooja.a(vib-sensor.o)
 *fill*         0x0000000000030151        0x7 
 .rodata        0x0000000000030158       0x26 build/cooja/contiki-ng-cooja.a(cfs-cooja.o)
 *fill*         0x000000000003017e        0x2 
 .rodata        0x0000000000030180       0x68 build/cooja/contiki-ng-cooja.a(cooja-radio.o)
 .rodata        0x00000000000301e8        0x8 build/cooja/contiki-ng-cooja.a(sensors.o)
 .rodata        0x00000000000301f0       0x14 build/cooja/contiki-ng-cooja.a(buttons.o)
                0x00000000000301fc                button_hal_button_count
 *fill*         0x0000000000030204        0x4 
 .rodata        0x0000000000030208      0x173 build/cooja/contiki-ng-cooja.a(dehumidification.o)
 *fill*         0x000000000003037b        0x5 
 .rodata        0x0000000000030380      0x120 build/cooja/contiki-ng-cooja.a(heating.o)
 .rodata        0x00000000000304a0       0x41 build/cooja/contiki-ng-cooja.a(coap-engine.o)
 .rodata        0x00000000000304e1       0x19 build/cooja/contiki-ng-cooja.a(coap-res-well-known-core.o)
 .rodata        0x00000000000304fa       0x11 build/cooja/contiki-ng-cooja.a(coap-observe.o)
 .rodata        0x000000000003050b       0x35 build/cooja/contiki-ng-cooja.a(coap-uip.o)
 .rodata        0x0000000000030540      0x1b0 build/cooja/contiki-ng-cooja.a(coap.o)
 .rodata        0x00000000000306f0       0xf4 build/cooja/contiki-ng-cooja.a(contiki-main.o)
 .rodata        0x00000000000307e4        0xf build/cooja/contiki-ng-cooja.a(ctimer.o)
 *fill*         0x00000000000307f3        0x1 
 .rodata        0x00000000000307f4       0xc0 build/cooja/contiki-ng-cooja.a(log.o)
 .rodata        0x00000000000308b4        0xc build/cooja/contiki-ng-cooja.a(etimer.o)
 .rodata        0x00000000000308c0       0x13 build/cooja/contiki-ng-cooja.a(button-hal.o)
 .rodata        0x00000000000308d3        0xe build/cooja/contiki-ng-cooja.a(serial-line.o)
 *fill*         0x00000000000308e1        0x7 
 .rodata        0x00000000000308e8        0x8 build/cooja/contiki-ng-cooja.a(linkaddr.o)
                0x00000000000308e8                linkaddr_null
 .rodata        0x00000000000308f0        0x5 build/cooja/contiki-ng-cooja.a(csma.o)
 *fill*         0x00000000000308f5        0x3 
 .rodata        0x00000000000308f8       0x27 build/cooja/contiki-ng-cooja.a(csma-output.o)
 *fill*         0x000000000003091f        0x1 
 .rodata        0x0000000000030920       0xb9 build/cooja/contiki-ng-cooja.a(uip-ds6-route.o)
 .rodata        0x00000000000309d9        0xd build/cooja/contiki-ng-cooja.a(tcpip.o)
 .rodata        0x00000000000309e6       0x1d build/cooja/contiki-ng-cooja.a(sicslowpan.o)
                0x00000000000309e6                unc_llconf
                0x00000000000309ea                unc_ctxconf
                0x00000000000309ee                unc_mxconf
                0x00000000000309f2                llprefix
 .rodata        0x0000000000030a03       0x2d build/cooja/contiki-ng-cooja.a(uiplib.o)
 .rodata        0x0000000000030a30        0x9 build/cooja/contiki-ng-cooja.a(rpl.o)
 .rodata        0x0000000000030a39       0x13 build/cooja/contiki-ng-cooja.a(coap-timer-default.o)
 *fill*         0x0000000000030a4c        0x4 
 .rodata        0x0000000000030a50       0x25 build/cooja/contiki-ng-cooja.a(assert.o)
 *fill*         0x0000000000030a75        0xb 
 .rodata        0x0000000000030a80      0x280 build/cooja/contiki-ng-cooja.a(strformat.o)
 .rodata        0x0000000000030d00       0x44 build/cooja/contiki-ng-cooja.a(uip-sr.o)
 *fill*         0x0000000000030d44        0x4 
 .rodata        0x0000000000030d48       0x58 build/cooja/contiki-ng-cooja.a(rpl-neighbor.o)
 .rodata        0x0000000000030da0       0xd7 build/cooja/contiki-ng-cooja.a(rpl-dag.o)
 .rodata        0x0000000000030e77        0xc build/cooja/contiki-ng-cooja.a(rpl-timers.o)

.rodata1
 *(.rodata1)

.eh_frame_hdr   0x0000000000030e84     0x1b6c
 *(.eh_frame_hdr)
 .eh_frame_hdr  0x0000000000030e84     0x1b6c coap-node.o
                0x0000000000030e84                __GNU_EH_FRAME_HDR
 *(.eh_frame_entry .eh_frame_entry.*)

.eh_frame       0x00000000000329f0     0x6e34
 *(.eh_frame)
 .eh_frame      0x00000000000329f0       0x40 /usr/lib/gcc/x86_64-linux-gnu/7/../../../x86_64-linux-gnu/crti.o
 .eh_frame      0x0000000000032a30       0x18 /usr/lib/gcc/x86_64-linux-gnu/7/../../../x86_64-linux-gnu/crti.o
                                         0x30 (size before relaxing)
 .eh_frame      0x0000000000032a48       0x40 coap-node.o
                                         0x58 (size before relaxing)
 .eh_frame      0x0000000000032a88      0x198 build/cooja/mtype852991878.o
                                        0x1b0 (size before relaxing)
 .eh_frame      0x0000000000032c20       0x40 build/cooja/contiki-ng-cooja.a(simEnvChange.o)
                                         0x58 (size before relaxing)
 .eh_frame      0x0000000000032c60       0x60 build/cooja/contiki-ng-cooja.a(cooja_mt.o)
                                         0x78 (size before relaxing)
 .eh_frame      0x0000000000032cc0       0x80 build/cooja/contiki-ng-cooja.a(cooja_mtarch.o)
                                         0x98 (size before relaxing)
 .eh_frame      0x0000000000032d40       0xc0 build/cooja/contiki-ng-cooja.a(rtimer-arch.o)
                                         0xd8 (size before relaxing)
 .eh_frame      0x0000000000032e00      0x160 build/cooja/contiki-ng-cooja.a(beep.o)
                                        0x178 (size before relaxing)
 .eh_frame      0x0000000000032f60       0x80 build/cooja/contiki-ng-cooja.a(leds-arch.o)
                                         0x98 (size before relaxing)
 .eh_frame      0x0000000000032fe0       0x40 build/cooja/contiki-ng-cooja.a(moteid.o)
                                         0x58 (size before relaxing)
 .eh_frame      0x0000000000033020       0xa0 build/cooja/contiki-ng-cooja.a(pir-sensor.o)
                                         0xb8 (size before relaxing)
 .eh_frame      0x00000000000330c0      0x100 build/cooja/contiki-ng-cooja.a(rs232.o)
                                        0x118 (size before relaxing)
 .eh_frame      0x00000000000331c0       0xa0 build/cooja/contiki-ng-cooja.a(vib-sensor.o)
                                         0xb8 (size before relaxing)
 .eh_frame      0x0000000000033260       0xc0 build/cooja/contiki-ng-cooja.a(clock.o)
                                         0xd8 (size before relaxing)
 .eh_frame      0x0000000000033320      0x100 build/cooja/contiki-ng-cooja.a(cooja-log.o)
                                        0x118 (size before relaxing)
 .eh_frame      0x0000000000033420      0x160 build/cooja/contiki-ng-cooja.a(cfs-cooja.o)
                                        0x178 (size before relaxing)
 .eh_frame      0x0000000000033580      0x360 build/cooja/contiki-ng-cooja.a(cooja-radio.o)
                                        0x378 (size before relaxing)
 .eh_frame      0x00000000000338e0       0xa0 build/cooja/contiki-ng-cooja.a(eeprom.o)
                                         0xb8 (size before relaxing)
 .eh_frame      0x0000000000033980       0x40 build/cooja/contiki-ng-cooja.a(random.o)
                                         0x58 (size before relaxing)
 .eh_frame      0x00000000000339c0       0xc0 build/cooja/contiki-ng-cooja.a(sensors.o)
                                         0xd8 (size before relaxing)
 .eh_frame      0x0000000000033a80      0x120 build/cooja/contiki-ng-cooja.a(leds.o)
                                        0x138 (size before relaxing)
 .eh_frame      0x0000000000033ba0      0x220 build/cooja/contiki-ng-cooja.a(gpio-hal-arch.o)
                                        0x238 (size before relaxing)
 .eh_frame      0x0000000000033dc0       0xa0 build/cooja/contiki-ng-cooja.a(buttons.o)
                                         0xb8 (size before relaxing)
 .eh_frame      0x0000000000033e60       0x60 build/cooja/contiki-ng-cooja.a(dehumidification.o)
                                         0x78 (size before relaxing)
 .eh_frame      0x0000000000033ec0       0x60 build/cooja/contiki-ng-cooja.a(heating.o)
                                         0x78 (size before relaxing)
 .eh_frame      0x0000000000033f20       0x40 build/cooja/contiki-ng-cooja.a(coap-blocking-api.o)
                                         0x58 (size before relaxing)
 .eh_frame      0x0000000000033f60      0x220 build/cooja/contiki-ng-cooja.a(coap-engine.o)
                                        0x238 (size before relaxing)
 .eh_frame      0x0000000000034180       0x20 build/cooja/contiki-ng-cooja.a(coap-res-well-known-core.o)
                                         0x38 (size before relaxing)
 .eh_frame      0x00000000000341a0      0x188 build/cooja/contiki-ng-cooja.a(coap-observe.o)
                                        0x1a0 (size before relaxing)
 .eh_frame      0x0000000000034328      0x248 build/cooja/contiki-ng-cooja.a(coap-uip.o)
                                        0x260 (size before relaxing)
 .eh_frame      0x0000000000034570      0x108 build/cooja/contiki-ng-cooja.a(coap-timer.o)
                                        0x120 (size before relaxing)
 .eh_frame      0x0000000000034678      0x100 build/cooja/contiki-ng-cooja.a(coap-transactions.o)
                                        0x118 (size before relaxing)
 .eh_frame      0x0000000000034778      0x6e8 build/cooja/contiki-ng-cooja.a(coap.o)
                                        0x700 (size before relaxing)
 .eh_frame      0x0000000000034e60       0x20 build/cooja/contiki-ng-cooja.a(contiki-main.o)
                                         0x38 (size before relaxing)
 .eh_frame      0x0000000000034e80       0x40 build/cooja/contiki-ng-cooja.a(autostart.o)
                                         0x58 (size before relaxing)
 .eh_frame      0x0000000000034ec0      0x100 build/cooja/contiki-ng-cooja.a(ctimer.o)
                                        0x118 (size before relaxing)
 .eh_frame      0x0000000000034fc0      0x120 build/cooja/contiki-ng-cooja.a(log.o)
                                        0x138 (size before relaxing)
 .eh_frame      0x00000000000350e0       0x60 build/cooja/contiki-ng-cooja.a(energest.o)
                                         0x78 (size before relaxing)
 .eh_frame      0x0000000000035140      0x1e0 build/cooja/contiki-ng-cooja.a(etimer.o)
                                        0x1f8 (size before relaxing)
 .eh_frame      0x0000000000035320       0x20 build/cooja/contiki-ng-cooja.a(node-id.o)
                                         0x38 (size before relaxing)
 .eh_frame      0x0000000000035340       0x60 build/cooja/contiki-ng-cooja.a(rtimer.o)
                                         0x78 (size before relaxing)
 .eh_frame      0x00000000000353a0      0x1c8 build/cooja/contiki-ng-cooja.a(process.o)
                                        0x1e0 (size before relaxing)
 .eh_frame      0x0000000000035568       0xa0 build/cooja/contiki-ng-cooja.a(timer.o)
                                         0xb8 (size before relaxing)
 .eh_frame      0x0000000000035608      0x1a0 build/cooja/contiki-ng-cooja.a(list.o)
                                        0x1b8 (size before relaxing)
 .eh_frame      0x00000000000357a8       0xa0 build/cooja/contiki-ng-cooja.a(memb.o)
                                         0xb8 (size before relaxing)
 .eh_frame      0x0000000000035848      0x160 build/cooja/contiki-ng-cooja.a(button-hal.o)
                                        0x178 (size before relaxing)
 .eh_frame      0x00000000000359a8       0x60 build/cooja/contiki-ng-cooja.a(serial-line.o)
                                         0x78 (size before relaxing)
 .eh_frame      0x0000000000035a08       0xe0 build/cooja/contiki-ng-cooja.a(gpio-hal.o)
                                         0xf8 (size before relaxing)
 .eh_frame      0x0000000000035ae8      0x1a0 build/cooja/contiki-ng-cooja.a(queuebuf.o)
                                        0x1b8 (size before relaxing)
 .eh_frame      0x0000000000035c88      0x288 build/cooja/contiki-ng-cooja.a(packetbuf.o)
                                        0x2a0 (size before relaxing)
 .eh_frame      0x0000000000035f10       0x80 build/cooja/contiki-ng-cooja.a(netstack.o)
                                         0x98 (size before relaxing)
 .eh_frame      0x0000000000035f90       0x60 build/cooja/contiki-ng-cooja.a(linkaddr.o)
                                         0x78 (size before relaxing)
 .eh_frame      0x0000000000035ff0       0x40 build/cooja/contiki-ng-cooja.a(printf.o)
                                         0x58 (size before relaxing)
 .eh_frame      0x0000000000036030       0x60 build/cooja/contiki-ng-cooja.a(snprintf.o)
                                         0x78 (size before relaxing)
 .eh_frame      0x0000000000036090       0x20 build/cooja/contiki-ng-cooja.a(puts.o)
                                         0x38 (size before relaxing)
 .eh_frame      0x00000000000360b0       0x20 build/cooja/contiki-ng-cooja.a(putchar.o)
                                         0x38 (size before relaxing)
 .eh_frame      0x00000000000360d0       0xe0 build/cooja/contiki-ng-cooja.a(csma.o)
                                         0xf8 (size before relaxing)
 .eh_frame      0x00000000000361b0      0x1c8 build/cooja/contiki-ng-cooja.a(csma-output.o)
                                        0x1e0 (size before relaxing)
 .eh_frame      0x0000000000036378      0x328 build/cooja/contiki-ng-cooja.a(uip-ds6.o)
                                        0x340 (size before relaxing)
 .eh_frame      0x00000000000366a0       0x40 build/cooja/contiki-ng-cooja.a(uip-udp-packet.o)
                                         0x58 (size before relaxing)
 .eh_frame      0x00000000000366e0      0x300 build/cooja/contiki-ng-cooja.a(uip-ds6-route.o)
                                        0x318 (size before relaxing)
 .eh_frame      0x00000000000369e0      0x248 build/cooja/contiki-ng-cooja.a(tcpip.o)
                                        0x260 (size before relaxing)
 .eh_frame      0x0000000000036c28      0x1e8 build/cooja/contiki-ng-cooja.a(uip6.o)
                                        0x200 (size before relaxing)
 .eh_frame      0x0000000000036e10      0x1c0 build/cooja/contiki-ng-cooja.a(uip-ds6-nbr.o)
                                        0x1d8 (size before relaxing)
 .eh_frame      0x0000000000036fd0       0x80 build/cooja/contiki-ng-cooja.a(uip-nd6.o)
                                         0x98 (size before relaxing)
 .eh_frame      0x0000000000037050      0x2e0 build/cooja/contiki-ng-cooja.a(sicslowpan.o)
                                        0x2f8 (size before relaxing)
 .eh_frame      0x0000000000037330       0x80 build/cooja/contiki-ng-cooja.a(uiplib.o)
                                         0x98 (size before relaxing)
 .eh_frame      0x00000000000373b0      0x1e0 build/cooja/contiki-ng-cooja.a(rpl.o)
                                        0x1f8 (size before relaxing)
 .eh_frame      0x0000000000037590      0x1c0 build/cooja/contiki-ng-cooja.a(rpl-icmp6.o)
                                        0x1d8 (size before relaxing)
 .eh_frame      0x0000000000037750       0xa0 build/cooja/contiki-ng-cooja.a(rpl-dag-root.o)
                                         0xb8 (size before relaxing)
 .eh_frame      0x00000000000377f0       0xa0 build/cooja/contiki-ng-cooja.a(watchdog.o)
                                         0xb8 (size before relaxing)
 .eh_frame      0x0000000000037890       0x80 build/cooja/contiki-ng-cooja.a(int-master.o)
                                         0x98 (size before relaxing)
 .eh_frame      0x0000000000037910      0x1c8 build/cooja/contiki-ng-cooja.a(coap-observe-client.o)
                                        0x1e0 (size before relaxing)
 .eh_frame      0x0000000000037ad8       0xa0 build/cooja/contiki-ng-cooja.a(coap-timer-default.o)
                                         0xb8 (size before relaxing)
 .eh_frame      0x0000000000037b78       0xc0 build/cooja/contiki-ng-cooja.a(stimer.o)
                                         0xd8 (size before relaxing)
 .eh_frame      0x0000000000037c38       0xa0 build/cooja/contiki-ng-cooja.a(ringbuf.o)
                                         0xb8 (size before relaxing)
 .eh_frame      0x0000000000037cd8       0x20 build/cooja/contiki-ng-cooja.a(assert.o)
                                         0x38 (size before relaxing)
 .eh_frame      0x0000000000037cf8      0x3e0 build/cooja/contiki-ng-cooja.a(nbr-table.o)
                                        0x3f8 (size before relaxing)
 .eh_frame      0x00000000000380d8      0x120 build/cooja/contiki-ng-cooja.a(link-stats.o)
                                        0x138 (size before relaxing)
 .eh_frame      0x00000000000381f8       0x48 build/cooja/contiki-ng-cooja.a(mac-sequence.o)
                                         0x60 (size before relaxing)
 .eh_frame      0x0000000000038240       0x20 build/cooja/contiki-ng-cooja.a(mac.o)
                                         0x38 (size before relaxing)
 .eh_frame      0x0000000000038260       0xa8 build/cooja/contiki-ng-cooja.a(framer-802154.o)
                                         0xc0 (size before relaxing)
 .eh_frame      0x0000000000038308      0x1a8 build/cooja/contiki-ng-cooja.a(frame802154.o)
                                        0x1c0 (size before relaxing)
 .eh_frame      0x00000000000384b0      0x120 build/cooja/contiki-ng-cooja.a(strformat.o)
                                        0x138 (size before relaxing)
 .eh_frame      0x00000000000385d0       0x40 build/cooja/contiki-ng-cooja.a(csma-security.o)
                                         0x58 (size before relaxing)
 .eh_frame      0x0000000000038610      0x200 build/cooja/contiki-ng-cooja.a(uipbuf.o)
                                        0x218 (size before relaxing)
 .eh_frame      0x0000000000038810      0x148 build/cooja/contiki-ng-cooja.a(uip-icmp6.o)
                                        0x160 (size before relaxing)
 .eh_frame      0x0000000000038958      0x180 build/cooja/contiki-ng-cooja.a(uip-sr.o)
                                        0x198 (size before relaxing)
 .eh_frame      0x0000000000038ad8       0xe0 build/cooja/contiki-ng-cooja.a(uip-packetqueue.o)
                                         0xf8 (size before relaxing)
 .eh_frame      0x0000000000038bb8       0x40 build/cooja/contiki-ng-cooja.a(rpl-nbr-policy.o)
                                         0x58 (size before relaxing)
 .eh_frame      0x0000000000038bf8      0x2b0 build/cooja/contiki-ng-cooja.a(rpl-neighbor.o)
                                        0x2c8 (size before relaxing)
 .eh_frame      0x0000000000038ea8      0x360 build/cooja/contiki-ng-cooja.a(rpl-dag.o)
                                        0x378 (size before relaxing)
 .eh_frame      0x0000000000039208      0x3a8 build/cooja/contiki-ng-cooja.a(rpl-timers.o)
                                        0x3c0 (size before relaxing)
 .eh_frame      0x00000000000395b0      0x128 build/cooja/contiki-ng-cooja.a(rpl-ext-header.o)
                                        0x140 (size before relaxing)
 .eh_frame      0x00000000000396d8      0x148 build/cooja/contiki-ng-cooja.a(rpl-mrhof.o)
                                        0x160 (size before relaxing)
 .eh_frame      0x0000000000039820        0x4 /usr/lib/gcc/x86_64-linux-gnu/7/crtendS.o
 *(.eh_frame.*)

.gcc_except_table
 *(.gcc_except_table .gcc_except_table.*)

.gnu_extab
 *(.gnu_extab*)

.exception_ranges
 *(.exception_ranges .exception_ranges*)
                0x000000000023a690                . = DATA_SEGMENT_ALIGN (CONSTANT (MAXPAGESIZE), CONSTANT (COMMONPAGESIZE))

.eh_frame
 *(.eh_frame)
 *(.eh_frame.*)

.gnu_extab
 *(.gnu_extab)

.gcc_except_table
 *(.gcc_except_table .gcc_except_table.*)

.exception_ranges
 *(.exception_ranges .exception_ranges*)

.tdata
 *(.tdata .tdata.* .gnu.linkonce.td.*)

.tbss
 *(.tbss .tbss.* .gnu.linkonce.tb.*)
 *(.tcommon)

.preinit_array
 *(.preinit_array)

.init_array     0x000000000023a690        0x8
 *(SORT_BY_INIT_PRIORITY(.init_array.*) SORT_BY_INIT_PRIORITY(.ctors.*))
 *(.init_array EXCLUDE_FILE(*crtend?.o *crtend.o *crtbegin?.o *crtbegin.o) .ctors)
 .init_array    0x000000000023a690        0x8 /usr/lib/gcc/x86_64-linux-gnu/7/crtbeginS.o

.fini_array     0x000000000023a698        0x8
 *(SORT_BY_INIT_PRIORITY(.fini_array.*) SORT_BY_INIT_PRIORITY(.dtors.*))
 *(.fini_array EXCLUDE_FILE(*crtend?.o *crtend.o *crtbegin?.o *crtbegin.o) .dtors)
 .fini_array    0x000000000023a698        0x8 /usr/lib/gcc/x86_64-linux-gnu/7/crtbeginS.o

.ctors
 *crtbegin.o(.ctors)
 *crtbegin?.o(.ctors)
 *(EXCLUDE_FILE(*crtend?.o *crtend.o) .ctors)
 *(SORT_BY_NAME(.ctors.*))
 *(.ctors)

.dtors
 *crtbegin.o(.dtors)
 *crtbegin?.o(.dtors)
 *(EXCLUDE_FILE(*crtend?.o *crtend.o) .dtors)
 *(SORT_BY_NAME(.dtors.*))
 *(.dtors)

.jcr
 *(.jcr)

.data.rel.ro    0x000000000023a6a0      0x370
 *(.data.rel.ro.local* .gnu.linkonce.d.rel.ro.local.*)
 .data.rel.ro.local
                0x000000000023a6a0       0x10 build/cooja/contiki-ng-cooja.a(beep.o)
                0x000000000023a6a0                beep_interface
 .data.rel.ro.local
                0x000000000023a6b0       0x10 build/cooja/contiki-ng-cooja.a(leds-arch.o)
                0x000000000023a6b0                leds_interface
 .data.rel.ro.local
                0x000000000023a6c0       0x10 build/cooja/contiki-ng-cooja.a(moteid.o)
                0x000000000023a6c0                moteid_interface
 *fill*         0x000000000023a6d0       0x10 
 .data.rel.ro.local
                0x000000000023a6e0       0x40 build/cooja/contiki-ng-cooja.a(pir-sensor.o)
                0x000000000023a6e0                pir_interface
                0x000000000023a700                pir_sensor
 .data.rel.ro.local
                0x000000000023a720       0x10 build/cooja/contiki-ng-cooja.a(rs232.o)
                0x000000000023a720                rs232_interface
 *fill*         0x000000000023a730       0x10 
 .data.rel.ro.local
                0x000000000023a740       0x40 build/cooja/contiki-ng-cooja.a(vib-sensor.o)
                0x000000000023a740                vib_interface
                0x000000000023a760                vib_sensor
 .data.rel.ro.local
                0x000000000023a780       0x10 build/cooja/contiki-ng-cooja.a(clock.o)
                0x000000000023a780                clock_interface
 .data.rel.ro.local
                0x000000000023a790       0x10 build/cooja/contiki-ng-cooja.a(cooja-log.o)
                0x000000000023a790                simlog_interface
 .data.rel.ro.local
                0x000000000023a7a0       0x10 build/cooja/contiki-ng-cooja.a(cfs-cooja.o)
                0x000000000023a7a0                cfs_interface
 *fill*         0x000000000023a7b0       0x10 
 .data.rel.ro.local
                0x000000000023a7c0       0x90 build/cooja/contiki-ng-cooja.a(cooja-radio.o)
                0x000000000023a7c0                radio_interface
                0x000000000023a7e0                cooja_radio_driver
 .data.rel.ro.local
                0x000000000023a850       0x10 build/cooja/contiki-ng-cooja.a(eeprom.o)
                0x000000000023a850                eeprom_interface
 .data.rel.ro.local
                0x000000000023a860       0x40 build/cooja/contiki-ng-cooja.a(buttons.o)
                0x000000000023a860                button_interface
                0x000000000023a880                button_sensor
 .data.rel.ro.local
                0x000000000023a8a0       0x38 build/cooja/contiki-ng-cooja.a(csma.o)
                0x000000000023a8a0                csma_driver
 *fill*         0x000000000023a8d8        0x8 
 .data.rel.ro.local
                0x000000000023a8e0       0x18 build/cooja/contiki-ng-cooja.a(coap-timer-default.o)
                0x000000000023a8e0                coap_timer_default_driver
 *fill*         0x000000000023a8f8        0x8 
 .data.rel.ro.local
                0x000000000023a900       0x18 build/cooja/contiki-ng-cooja.a(framer-802154.o)
                0x000000000023a900                framer_802154
 *(.data.rel.ro .data.rel.ro.* .gnu.linkonce.d.rel.ro.*)
 .data.rel.ro   0x000000000023a918        0x0 /usr/lib/gcc/x86_64-linux-gnu/7/../../../x86_64-linux-gnu/crti.o
 *fill*         0x000000000023a918        0x8 
 .data.rel.ro   0x000000000023a920       0x10 coap-node.o
                0x000000000023a920                autostart_processes
 *fill*         0x000000000023a930       0x10 
 .data.rel.ro   0x000000000023a940       0x20 build/cooja/contiki-ng-cooja.a(sicslowpan.o)
                0x000000000023a940                sicslowpan_driver
 .data.rel.ro   0x000000000023a960       0xa8 build/cooja/contiki-ng-cooja.a(rpl.o)
                0x000000000023a960                rpl_lite_driver
 .data.rel.ro   0x000000000023aa08        0x8 build/cooja/contiki-ng-cooja.a(rpl-dag.o)

.dynamic        0x000000000023aa10      0x1c0
 *(.dynamic)
 .dynamic       0x000000000023aa10      0x1c0 /usr/lib/gcc/x86_64-linux-gnu/7/../../../x86_64-linux-gnu/crti.o
                0x000000000023aa10                _DYNAMIC

.got            0x000000000023abd0      0x430
 *(.got)
 .got           0x000000000023abd0      0x430 /usr/lib/gcc/x86_64-linux-gnu/7/../../../x86_64-linux-gnu/crti.o
 *(.igot)
                0x000000000023bfe8                . = DATA_SEGMENT_RELRO_END (., (SIZEOF (.got.plt) >= 0x18)?0x18:0x0)

.got.plt        0x000000000023b000      0xcd8
 *(.got.plt)
 .got.plt       0x000000000023b000      0xcd8 /usr/lib/gcc/x86_64-linux-gnu/7/../../../x86_64-linux-gnu/crti.o
                0x000000000023b000                _GLOBAL_OFFSET_TABLE_
 *(.igot.plt)

.data           0x000000000023bce0      0x9c8
 *(.data .data.* .gnu.linkonce.d.*)
 .data          0x000000000023bce0        0x0 /usr/lib/gcc/x86_64-linux-gnu/7/../../../x86_64-linux-gnu/crti.o
 .data          0x000000000023bce0        0x0 /usr/lib/gcc/x86_64-linux-gnu/7/crtbeginS.o
 .data.rel.local
                0x000000000023bce0        0x8 /usr/lib/gcc/x86_64-linux-gnu/7/crtbeginS.o
                0x000000000023bce0                __dso_handle
 .data          0x000000000023bce8        0x0 coap-node.o
 *fill*         0x000000000023bce8       0x18 
 .data.rel.local
                0x000000000023bd00       0x40 coap-node.o
                0x000000000023bd00                registration_service
                0x000000000023bd20                coap_node
 .data          0x000000000023bd40        0x0 build/cooja/mtype852991878.o
 .data.rel      0x000000000023bd40       0xa0 build/cooja/mtype852991878.o
                0x000000000023bd40                simInterfaces
                0x000000000023bdc0                sensors
 .data          0x000000000023bde0        0x0 build/cooja/contiki-ng-cooja.a(simEnvChange.o)
 .data          0x000000000023bde0        0x0 build/cooja/contiki-ng-cooja.a(cooja_mt.o)
 .data          0x000000000023bde0        0x0 build/cooja/contiki-ng-cooja.a(cooja_mtarch.o)
 .data          0x000000000023bde0        0x0 build/cooja/contiki-ng-cooja.a(rtimer-arch.o)
 .data          0x000000000023bde0        0x0 build/cooja/contiki-ng-cooja.a(beep.o)
 .data          0x000000000023bde0        0x0 build/cooja/contiki-ng-cooja.a(leds-arch.o)
 .data          0x000000000023bde0        0x0 build/cooja/contiki-ng-cooja.a(moteid.o)
 .data          0x000000000023bde0        0x0 build/cooja/contiki-ng-cooja.a(pir-sensor.o)
 .data          0x000000000023bde0        0x0 build/cooja/contiki-ng-cooja.a(rs232.o)
 .data          0x000000000023bde0        0x0 build/cooja/contiki-ng-cooja.a(vib-sensor.o)
 .data          0x000000000023bde0        0x0 build/cooja/contiki-ng-cooja.a(clock.o)
 .data          0x000000000023bde0        0x0 build/cooja/contiki-ng-cooja.a(cooja-log.o)
 .data          0x000000000023bde0        0x0 build/cooja/contiki-ng-cooja.a(cfs-cooja.o)
 .data          0x000000000023bde0       0x20 build/cooja/contiki-ng-cooja.a(cooja-radio.o)
                0x000000000023bde0                simRadioHWOn
                0x000000000023bde4                simSignalStrength
                0x000000000023bde8                simLastSignalStrength
                0x000000000023bdec                simPower
                0x000000000023bdf0                simRadioChannel
                0x000000000023bdf4                simLQI
                0x000000000023bdf8                simLastLQI
 .data.rel.local
                0x000000000023be00       0x20 build/cooja/contiki-ng-cooja.a(cooja-radio.o)
                0x000000000023be00                cooja_radio_process
 .data          0x000000000023be20        0x0 build/cooja/contiki-ng-cooja.a(eeprom.o)
 .data          0x000000000023be20        0x0 build/cooja/contiki-ng-cooja.a(random.o)
 .data          0x000000000023be20        0x0 build/cooja/contiki-ng-cooja.a(sensors.o)
 .data.rel.local
                0x000000000023be20       0x20 build/cooja/contiki-ng-cooja.a(sensors.o)
                0x000000000023be20                sensors_process
 .data          0x000000000023be40        0x0 build/cooja/contiki-ng-cooja.a(leds.o)
 .data          0x000000000023be40        0x0 build/cooja/contiki-ng-cooja.a(gpio-hal-arch.o)
 .data          0x000000000023be40        0x1 build/cooja/contiki-ng-cooja.a(buttons.o)
                0x000000000023be40                simButtonIsActive
 *fill*         0x000000000023be41       0x1f 
 .data.rel.local
                0x000000000023be60       0xb0 build/cooja/contiki-ng-cooja.a(buttons.o)
                0x000000000023bf00                button_hal_buttons
 .data          0x000000000023bf10        0x0 build/cooja/contiki-ng-cooja.a(dehumidification.o)
 *fill*         0x000000000023bf10       0x10 
 .data.rel.local
                0x000000000023bf20       0x48 build/cooja/contiki-ng-cooja.a(dehumidification.o)
                0x000000000023bf20                dehumidification
 .data          0x000000000023bf68        0x0 build/cooja/contiki-ng-cooja.a(heating.o)
 *fill*         0x000000000023bf68       0x18 
 .data.rel.local
                0x000000000023bf80       0x48 build/cooja/contiki-ng-cooja.a(heating.o)
                0x000000000023bf80                heating
 .data          0x000000000023bfc8        0x0 build/cooja/contiki-ng-cooja.a(coap-blocking-api.o)
 .data          0x000000000023bfc8        0x0 build/cooja/contiki-ng-cooja.a(coap-engine.o)
 .data.rel.local
                0x000000000023bfc8       0x10 build/cooja/contiki-ng-cooja.a(coap-engine.o)
 .data          0x000000000023bfd8        0x0 build/cooja/contiki-ng-cooja.a(coap-res-well-known-core.o)
 *fill*         0x000000000023bfd8        0x8 
 .data.rel.local
                0x000000000023bfe0       0x48 build/cooja/contiki-ng-cooja.a(coap-res-well-known-core.o)
                0x000000000023bfe0                res_well_known_core
 .data          0x000000000023c028        0x0 build/cooja/contiki-ng-cooja.a(coap-observe.o)
 *fill*         0x000000000023c028        0x8 
 .data.rel.local
                0x000000000023c030       0x20 build/cooja/contiki-ng-cooja.a(coap-observe.o)
 .data          0x000000000023c050        0x0 build/cooja/contiki-ng-cooja.a(coap-uip.o)
 *fill*         0x000000000023c050       0x10 
 .data.rel.local
                0x000000000023c060       0x20 build/cooja/contiki-ng-cooja.a(coap-uip.o)
                0x000000000023c060                coap_engine
 .data          0x000000000023c080        0x0 build/cooja/contiki-ng-cooja.a(coap-timer.o)
 .data.rel.local
                0x000000000023c080        0x8 build/cooja/contiki-ng-cooja.a(coap-timer.o)
 .data          0x000000000023c088        0x0 build/cooja/contiki-ng-cooja.a(coap-transactions.o)
 *fill*         0x000000000023c088        0x8 
 .data.rel.local
                0x000000000023c090       0x20 build/cooja/contiki-ng-cooja.a(coap-transactions.o)
 .data          0x000000000023c0b0        0x0 build/cooja/contiki-ng-cooja.a(coap.o)
 .data.rel.local
                0x000000000023c0b0        0x8 build/cooja/contiki-ng-cooja.a(coap.o)
                0x000000000023c0b0                coap_error_message
 .data          0x000000000023c0b8        0x0 build/cooja/contiki-ng-cooja.a(contiki-main.o)
 .data          0x000000000023c0b8        0x0 build/cooja/contiki-ng-cooja.a(autostart.o)
 .data          0x000000000023c0b8        0x0 build/cooja/contiki-ng-cooja.a(ctimer.o)
 *fill*         0x000000000023c0b8        0x8 
 .data.rel.local
                0x000000000023c0c0       0x40 build/cooja/contiki-ng-cooja.a(ctimer.o)
                0x000000000023c0e0                ctimer_process
 .data          0x000000000023c100        0x4 build/cooja/contiki-ng-cooja.a(log.o)
                0x000000000023c100                curr_log_level_main
 *fill*         0x000000000023c104       0x1c 
 .data.rel      0x000000000023c120      0x138 build/cooja/contiki-ng-cooja.a(log.o)
                0x000000000023c120                all_modules
 .data          0x000000000023c258        0x0 build/cooja/contiki-ng-cooja.a(energest.o)
 .data          0x000000000023c258        0x0 build/cooja/contiki-ng-cooja.a(etimer.o)
 *fill*         0x000000000023c258        0x8 
 .data.rel.local
                0x000000000023c260       0x20 build/cooja/contiki-ng-cooja.a(etimer.o)
                0x000000000023c260                etimer_process
 .data          0x000000000023c280        0x0 build/cooja/contiki-ng-cooja.a(node-id.o)
 .data          0x000000000023c280        0x0 build/cooja/contiki-ng-cooja.a(rtimer.o)
 .data          0x000000000023c280        0x0 build/cooja/contiki-ng-cooja.a(process.o)
 .data          0x000000000023c280        0x0 build/cooja/contiki-ng-cooja.a(timer.o)
 .data          0x000000000023c280        0x0 build/cooja/contiki-ng-cooja.a(list.o)
 .data          0x000000000023c280        0x0 build/cooja/contiki-ng-cooja.a(memb.o)
 .data          0x000000000023c280        0x0 build/cooja/contiki-ng-cooja.a(button-hal.o)
 .data.rel.local
                0x000000000023c280       0x20 build/cooja/contiki-ng-cooja.a(button-hal.o)
                0x000000000023c280                button_hal_process
 .data          0x000000000023c2a0        0x0 build/cooja/contiki-ng-cooja.a(serial-line.o)
 .data.rel.local
                0x000000000023c2a0       0x20 build/cooja/contiki-ng-cooja.a(serial-line.o)
                0x000000000023c2a0                serial_line_process
 .data          0x000000000023c2c0        0x0 build/cooja/contiki-ng-cooja.a(gpio-hal.o)
 .data.rel.local
                0x000000000023c2c0        0x8 build/cooja/contiki-ng-cooja.a(gpio-hal.o)
 .data          0x000000000023c2c8        0x0 build/cooja/contiki-ng-cooja.a(queuebuf.o)
 *fill*         0x000000000023c2c8        0x8 
 .data.rel.local
                0x000000000023c2d0       0x38 build/cooja/contiki-ng-cooja.a(queuebuf.o)
 .data          0x000000000023c308        0x0 build/cooja/contiki-ng-cooja.a(packetbuf.o)
 .data.rel.local
                0x000000000023c308        0x8 build/cooja/contiki-ng-cooja.a(packetbuf.o)
 .data          0x000000000023c310        0x0 build/cooja/contiki-ng-cooja.a(netstack.o)
 .data.rel.local
                0x000000000023c310        0x8 build/cooja/contiki-ng-cooja.a(netstack.o)
 .data          0x000000000023c318        0x0 build/cooja/contiki-ng-cooja.a(linkaddr.o)
 .data          0x000000000023c318        0x0 build/cooja/contiki-ng-cooja.a(printf.o)
 *fill*         0x000000000023c318        0x8 
 .data.rel.local
                0x000000000023c320       0x10 build/cooja/contiki-ng-cooja.a(printf.o)
 .data          0x000000000023c330        0x0 build/cooja/contiki-ng-cooja.a(snprintf.o)
 .data          0x000000000023c330        0x0 build/cooja/contiki-ng-cooja.a(puts.o)
 .data          0x000000000023c330        0x0 build/cooja/contiki-ng-cooja.a(putchar.o)
 .data          0x000000000023c330        0x0 build/cooja/contiki-ng-cooja.a(csma.o)
 .data          0x000000000023c330        0x0 build/cooja/contiki-ng-cooja.a(csma-output.o)
 .data.rel.local
                0x000000000023c330       0x60 build/cooja/contiki-ng-cooja.a(csma-output.o)
 .data          0x000000000023c390        0x0 build/cooja/contiki-ng-cooja.a(uip-ds6.o)
 .data          0x000000000023c390        0x0 build/cooja/contiki-ng-cooja.a(uip-udp-packet.o)
 .data          0x000000000023c390        0x0 build/cooja/contiki-ng-cooja.a(uip-ds6-route.o)
 .data.rel.local
                0x000000000023c390       0x80 build/cooja/contiki-ng-cooja.a(uip-ds6-route.o)
                0x000000000023c3a8                nbr_routes
 .data          0x000000000023c410        0x0 build/cooja/contiki-ng-cooja.a(tcpip.o)
 *fill*         0x000000000023c410       0x10 
 .data.rel.local
                0x000000000023c420       0x20 build/cooja/contiki-ng-cooja.a(tcpip.o)
                0x000000000023c420                tcpip_process
 .data          0x000000000023c440        0x0 build/cooja/contiki-ng-cooja.a(uip6.o)
 .data          0x000000000023c440        0x0 build/cooja/contiki-ng-cooja.a(uip-ds6-nbr.o)
 .data.rel.local
                0x000000000023c440       0x20 build/cooja/contiki-ng-cooja.a(uip-ds6-nbr.o)
 .data          0x000000000023c460        0x0 build/cooja/contiki-ng-cooja.a(uip-nd6.o)
 .data.rel.local
                0x000000000023c460       0x18 build/cooja/contiki-ng-cooja.a(uip-nd6.o)
 .data          0x000000000023c478        0x0 build/cooja/contiki-ng-cooja.a(sicslowpan.o)
 .data          0x000000000023c478        0x0 build/cooja/contiki-ng-cooja.a(uiplib.o)
 .data          0x000000000023c478        0x0 build/cooja/contiki-ng-cooja.a(rpl.o)
 .data          0x000000000023c478        0x0 build/cooja/contiki-ng-cooja.a(rpl-icmp6.o)
 *fill*         0x000000000023c478        0x8 
 .data.rel.local
                0x000000000023c480       0x78 build/cooja/contiki-ng-cooja.a(rpl-icmp6.o)
 .data          0x000000000023c4f8        0x0 build/cooja/contiki-ng-cooja.a(rpl-dag-root.o)