Archive member included to satisfy reference by file (symbol)

build/cooja/contiki-ng-cooja.a(simEnvChange.o)
                              build/cooja/mtype68045012.o (simDontFallAsleep)
build/cooja/contiki-ng-cooja.a(cooja_mt.o)
                              build/cooja/mtype68045012.o (cooja_mt_start)
build/cooja/contiki-ng-cooja.a(cooja_mtarch.o)
                              build/cooja/contiki-ng-cooja.a(cooja_mt.o) (cooja_mtarch_start)
build/cooja/contiki-ng-cooja.a(rtimer-arch.o)
                              build/cooja/mtype68045012.o (rtimer_arch_check)
build/cooja/contiki-ng-cooja.a(beep.o)
                              build/cooja/mtype68045012.o (beep_interface)
build/cooja/contiki-ng-cooja.a(leds-arch.o)
                              build/cooja/mtype68045012.o (leds_interface)
build/cooja/contiki-ng-cooja.a(moteid.o)
                              build/cooja/mtype68045012.o (moteid_interface)
build/cooja/contiki-ng-cooja.a(pir-sensor.o)
                              build/cooja/mtype68045012.o (pir_interface)
build/cooja/contiki-ng-cooja.a(rs232.o)
                              build/cooja/mtype68045012.o (rs232_interface)
build/cooja/contiki-ng-cooja.a(vib-sensor.o)
                              build/cooja/mtype68045012.o (vib_interface)
build/cooja/contiki-ng-cooja.a(clock.o)
                              build/cooja/mtype68045012.o (clock_interface)
build/cooja/contiki-ng-cooja.a(cooja-log.o)
                              build/cooja/mtype68045012.o (simlog_interface)
build/cooja/contiki-ng-cooja.a(cfs-cooja.o)
                              build/cooja/mtype68045012.o (cfs_interface)
build/cooja/contiki-ng-cooja.a(cooja-radio.o)
                              build/cooja/mtype68045012.o (radio_interface)
build/cooja/contiki-ng-cooja.a(eeprom.o)
                              build/cooja/mtype68045012.o (eeprom_interface)
build/cooja/contiki-ng-cooja.a(random.o)
                              build/cooja/contiki-ng-cooja.a(moteid.o) (random_init)
build/cooja/contiki-ng-cooja.a(sensors.o)
                              build/cooja/contiki-ng-cooja.a(pir-sensor.o) (sensors_changed)
build/cooja/contiki-ng-cooja.a(leds.o)
                              build/cooja/contiki-ng-cooja.a(leds-arch.o) (leds_get)
build/cooja/contiki-ng-cooja.a(gpio-hal-arch.o)
                              build/cooja/contiki-ng-cooja.a(leds-arch.o) (gpio_hal_arch_register_pin_callback)
build/cooja/contiki-ng-cooja.a(buttons.o)
                              build/cooja/mtype68045012.o (button_interface)
build/cooja/contiki-ng-cooja.a(mqtt.o)
                              mqtt-client.o (mqtt_register)
build/cooja/contiki-ng-cooja.a(contiki-main.o)
                              build/cooja/mtype68045012.o (main)
build/cooja/contiki-ng-cooja.a(autostart.o)
                              build/cooja/contiki-ng-cooja.a(contiki-main.o) (autostart_start)
build/cooja/contiki-ng-cooja.a(ctimer.o)
                              build/cooja/contiki-ng-cooja.a(contiki-main.o) (ctimer_init)
build/cooja/contiki-ng-cooja.a(log.o)
                              build/cooja/contiki-ng-cooja.a(contiki-main.o) (curr_log_level_main)
build/cooja/contiki-ng-cooja.a(energest.o)
                              build/cooja/contiki-ng-cooja.a(contiki-main.o) (energest_init)
build/cooja/contiki-ng-cooja.a(etimer.o)
                              build/cooja/contiki-ng-cooja.a(contiki-main.o) (etimer_process)
build/cooja/contiki-ng-cooja.a(node-id.o)
                              build/cooja/contiki-ng-cooja.a(contiki-main.o) (node_id)
build/cooja/contiki-ng-cooja.a(rtimer.o)
                              build/cooja/contiki-ng-cooja.a(contiki-main.o) (rtimer_init)
build/cooja/contiki-ng-cooja.a(process.o)
                              build/cooja/contiki-ng-cooja.a(mqtt.o) (process_current)
build/cooja/contiki-ng-cooja.a(timer.o)
                              build/cooja/contiki-ng-cooja.a(mqtt.o) (timer_set)
build/cooja/contiki-ng-cooja.a(list.o)
                              build/cooja/contiki-ng-cooja.a(mqtt.o) (list_init)
build/cooja/contiki-ng-cooja.a(button-hal.o)
                              build/cooja/mtype68045012.o (button_hal_init)
build/cooja/contiki-ng-cooja.a(serial-line.o)
                              build/cooja/contiki-ng-cooja.a(rs232.o) (serial_line_input_byte)
build/cooja/contiki-ng-cooja.a(gpio-hal.o)
                              build/cooja/contiki-ng-cooja.a(button-hal.o) (gpio_hal_register_handler)
build/cooja/contiki-ng-cooja.a(queuebuf.o)
                              build/cooja/contiki-ng-cooja.a(contiki-main.o) (queuebuf_init)
build/cooja/contiki-ng-cooja.a(packetbuf.o)
                              build/cooja/contiki-ng-cooja.a(cooja-radio.o) (packetbuf_clear)
build/cooja/contiki-ng-cooja.a(netstack.o)
                              build/cooja/contiki-ng-cooja.a(contiki-main.o) (netstack_init)
build/cooja/contiki-ng-cooja.a(linkaddr.o)
                              mqtt-client.o (linkaddr_node_addr)
[...]
Memory Configuration

Name             Origin             Length             Attributes
*default*        0x0000000000000000 0xffffffffffffffff

Linker script and memory map

LOAD /usr/lib/gcc/x86_64-linux-gnu/7/../../../x86_64-linux-gnu/crti.o
LOAD /usr/lib/gcc/x86_64-linux-gnu/7/crtbeginS.o
LOAD mqtt-client.o
LOAD build/cooja/mtype68045012.o
LOAD build/cooja/contiki-ng-cooja.a
LOAD /usr/lib/gcc/x86_64-linux-gnu/7/libgcc.a
LOAD /usr/lib/gcc/x86_64-linux-gnu/7/libgcc_s.so
START GROUP
LOAD /usr/lib/gcc/x86_64-linux-gnu/7/libgcc_s.so.1
LOAD /usr/lib/gcc/x86_64-linux-gnu/7/libgcc.a
END GROUP
LOAD /usr/lib/gcc/x86_64-linux-gnu/7/../../../x86_64-linux-gnu/libc.so
START GROUP
LOAD /lib/x86_64-linux-gnu/libc.so.6
LOAD /usr/lib/x86_64-linux-gnu/libc_nonshared.a
LOAD /lib/x86_64-linux-gnu/ld-linux-x86-64.so.2
END GROUP
LOAD /usr/lib/gcc/x86_64-linux-gnu/7/libgcc.a
LOAD /usr/lib/gcc/x86_64-linux-gnu/7/libgcc_s.so
START GROUP
LOAD /usr/lib/gcc/x86_64-linux-gnu/7/libgcc_s.so.1
LOAD /usr/lib/gcc/x86_64-linux-gnu/7/libgcc.a
END GROUP
LOAD /usr/lib/gcc/x86_64-linux-gnu/7/crtendS.o
LOAD /usr/lib/gcc/x86_64-linux-gnu/7/../../../x86_64-linux-gnu/crtn.o
                0x00000000000001c8                . = (SEGMENT_START ("text-segment", 0x0) + SIZEOF_HEADERS)

.note.gnu.build-id
                0x00000000000001c8       0x24
 *(.note.gnu.build-id)
 .note.gnu.build-id
                0x00000000000001c8       0x24 /usr/lib/gcc/x86_64-linux-gnu/7/../../../x86_64-linux-gnu/crti.o

.hash
 *(.hash)

.gnu.hash       0x00000000000001f0     0x14d0
 *(.gnu.hash)
 .gnu.hash      0x00000000000001f0     0x14d0 /usr/lib/gcc/x86_64-linux-gnu/7/../../../x86_64-linux-gnu/crti.o

.dynsym         0x00000000000016c0     0x4110
 *(.dynsym)
 .dynsym        0x00000000000016c0     0x4110 /usr/lib/gcc/x86_64-linux-gnu/7/../../../x86_64-linux-gnu/crti.o

.dynstr         0x00000000000057d0     0x30e6
 *(.dynstr)
 .dynstr        0x00000000000057d0     0x30e6 /usr/lib/gcc/x86_64-linux-gnu/7/../../../x86_64-linux-gnu/crti.o

.gnu.version    0x00000000000088b6      0x56c
 *(.gnu.version)
 .gnu.version   0x00000000000088b6      0x56c /usr/lib/gcc/x86_64-linux-gnu/7/../../../x86_64-linux-gnu/crti.o

.gnu.version_d  0x0000000000008e28        0x0
 *(.gnu.version_d)
 .gnu.version_d
                0x0000000000008e28        0x0 /usr/lib/gcc/x86_64-linux-gnu/7/../../../x86_64-linux-gnu/crti.o

.gnu.version_r  0x0000000000008e28       0x40
 *(.gnu.version_r)
 .gnu.version_r
                0x0000000000008e28       0x40 /usr/lib/gcc/x86_64-linux-gnu/7/../../../x86_64-linux-gnu/crti.o

.rela.dyn       0x0000000000008e68     0x1ef0
 *(.rela.init)
 *(.rela.text .rela.text.* .rela.gnu.linkonce.t.*)
 .rela.text     0x0000000000008e68        0x0 /usr/lib/gcc/x86_64-linux-gnu/7/../../../x86_64-linux-gnu/crti.o
 *(.rela.fini)
 *(.rela.rodata .rela.rodata.* .rela.gnu.linkonce.r.*)
 *(.rela.data .rela.data.* .rela.gnu.linkonce.d.*)
 .rela.data.rel.local
                0x0000000000008e68      0x720 /usr/lib/gcc/x86_64-linux-gnu/7/../../../x86_64-linux-gnu/crti.o
 .rela.data.rel.ro
                0x0000000000009588      0x288 /usr/lib/gcc/x86_64-linux-gnu/7/../../../x86_64-linux-gnu/crti.o
 .rela.data.rel
                0x0000000000009810      0x3a8 /usr/lib/gcc/x86_64-linux-gnu/7/../../../x86_64-linux-gnu/crti.o
 .rela.data.rel.ro.local
                0x0000000000009bb8      0x5a0 /usr/lib/gcc/x86_64-linux-gnu/7/../../../x86_64-linux-gnu/crti.o
 *(.rela.tdata .rela.tdata.* .rela.gnu.linkonce.td.*)
 *(.rela.tbss .rela.tbss.* .rela.gnu.linkonce.tb.*)
 *(.rela.ctors)
 *(.rela.dtors)
 *(.rela.got)
 .rela.got      0x000000000000a158      0xbd0 /usr/lib/gcc/x86_64-linux-gnu/7/../../../x86_64-linux-gnu/crti.o
 *(.rela.bss .rela.bss.* .rela.gnu.linkonce.b.*)
 *(.rela.ldata .rela.ldata.* .rela.gnu.linkonce.l.*)
 *(.rela.lbss .rela.lbss.* .rela.gnu.linkonce.lb.*)
 *(.rela.lrodata .rela.lrodata.* .rela.gnu.linkonce.lr.*)
 *(.rela.ifunc)
 .rela.ifunc    0x000000000000ad28        0x0 /usr/lib/gcc/x86_64-linux-gnu/7/../../../x86_64-linux-gnu/crti.o
 .rela.fini_array
                0x000000000000ad28       0x18 /usr/lib/gcc/x86_64-linux-gnu/7/../../../x86_64-linux-gnu/crti.o
 .rela.init_array
                0x000000000000ad40       0x18 /usr/lib/gcc/x86_64-linux-gnu/7/../../../x86_64-linux-gnu/crti.o

.rela.plt       0x000000000000ad58     0x22e0
 *(.rela.plt)
 .rela.plt      0x000000000000ad58     0x22e0 /usr/lib/gcc/x86_64-linux-gnu/7/../../../x86_64-linux-gnu/crti.o
 *(.rela.iplt)

.init           0x000000000000d038       0x17
 *(SORT_NONE(.init))
 .init          0x000000000000d038       0x12 /usr/lib/gcc/x86_64-linux-gnu/7/../../../x86_64-linux-gnu/crti.o
                0x000000000000d038                _init
 .init          0x000000000000d04a        0x5 /usr/lib/gcc/x86_64-linux-gnu/7/../../../x86_64-linux-gnu/crtn.o

.plt            0x000000000000d050     0x1750
 *(.plt)
 .plt           0x000000000000d050     0x1750 /usr/lib/gcc/x86_64-linux-gnu/7/../../../x86_64-linux-gnu/crti.o
 *(.iplt)

.plt.got        0x000000000000e7a0       0x18
 *(.plt.got)
 .plt.got       0x000000000000e7a0       0x18 /usr/lib/gcc/x86_64-linux-gnu/7/../../../x86_64-linux-gnu/crti.o

.plt.sec
 *(.plt.sec)

.text           0x000000000000e7c0    0x20804
 *(.text.unlikely .text.*_unlikely .text.unlikely.*)
 *(.text.exit .text.exit.*)
 *(.text.startup .text.startup.*)
 *(.text.hot .text.hot.*)
 *(.text .stub .text.* .gnu.linkonce.t.*)
 .text          0x000000000000e7c0        0x0 /usr/lib/gcc/x86_64-linux-gnu/7/../../../x86_64-linux-gnu/crti.o
 .text          0x000000000000e7c0       0xda /usr/lib/gcc/x86_64-linux-gnu/7/crtbeginS.o
 .text          0x000000000000e89a      0x600 mqtt-client.o
 .text          0x000000000000ee9a      0x32f build/cooja/mtype68045012.o
                0x000000000000ef48                platform_init_stage_one
                0x000000000000ef59                platform_init_stage_two
                0x000000000000ef6a                platform_init_stage_three
                0x000000000000ef7b                platform_main_loop
                0x000000000000f011                JNI_OnLoad
                0x000000000000f024                Java_org_contikios_cooja_corecomm_Lib3_init
                0x000000000000f067                Java_org_contikios_cooja_corecomm_Lib3_getMemory
                0x000000000000f0be                Java_org_contikios_cooja_corecomm_Lib3_setMemory
                0x000000000000f115                Java_org_contikios_cooja_corecomm_Lib3_tick
                0x000000000000f19e                Java_org_contikios_cooja_corecomm_Lib3_setReferenceAddress
 .text          0x000000000000f1c9       0x89 build/cooja/contiki-ng-cooja.a(simEnvChange.o)
                0x000000000000f1c9                doActionsBeforeTick
                0x000000000000f20d                doActionsAfterTick
 .text          0x000000000000f252       0x9f build/cooja/contiki-ng-cooja.a(cooja_mt.o)
                0x000000000000f252                cooja_mt_start
                0x000000000000f28e                cooja_mt_exec
                0x000000000000f2cd                cooja_mt_yield
 .text          0x000000000000f2f1       0xfe build/cooja/contiki-ng-cooja.a(cooja_mtarch.o)
                0x000000000000f2f1                cooja_mtarch_start
                0x000000000000f390                cooja_sw
                0x000000000000f3b9                cooja_mtarch_exec
                0x000000000000f3e3                cooja_mtarch_yield
 .text          0x000000000000f3ef       0xb4 build/cooja/contiki-ng-cooja.a(rtimer-arch.o)
                0x000000000000f3ef                rtimer_arch_init
                0x000000000000f411                rtimer_arch_schedule
                0x000000000000f437                rtimer_arch_next
                0x000000000000f447                rtimer_arch_pending
                0x000000000000f456                rtimer_arch_check
                0x000000000000f493                rtimer_arch_now
 .text          0x000000000000f4a3       0xba build/cooja/contiki-ng-cooja.a(beep.o)
                0x000000000000f4a3                beep_alarm
                0x000000000000f4ba                beep_beep
                0x000000000000f4ce                beep
                0x000000000000f4df                beep_down
                0x000000000000f4f3                beep_on
                0x000000000000f504                beep_off
                0x000000000000f515                beep_spinup
                0x000000000000f526                beep_quick
                0x000000000000f53a                beep_long
 .text          0x000000000000f55d       0x69 build/cooja/contiki-ng-cooja.a(leds-arch.o)
                0x000000000000f574                leds_arch_init
 .text          0x000000000000f5c6       0x39 build/cooja/contiki-ng-cooja.a(moteid.o)
 .text          0x000000000000f5ff       0xe5 build/cooja/contiki-ng-cooja.a(pir-sensor.o)
 .text          0x000000000000f6e4      0x169 build/cooja/contiki-ng-cooja.a(rs232.o)
                0x000000000000f6e4                rs232_init
                0x000000000000f6eb                rs232_set_speed
                0x000000000000f6f7                rs232_set_input
                0x000000000000f70d                rs232_send
                0x000000000000f728                rs232_print
                0x000000000000f74f                slip_arch_writeb
 .text          0x000000000000f84d       0xe5 build/cooja/contiki-ng-cooja.a(vib-sensor.o)
 .text          0x000000000000f932       0x57 build/cooja/contiki-ng-cooja.a(clock.o)
                0x000000000000f932                clock_init
                0x000000000000f939                clock_time
                0x000000000000f949                clock_seconds
                0x000000000000f971                clock_delay
 .text          0x000000000000f989      0x1f6 build/cooja/contiki-ng-cooja.a(cooja-log.o)
                0x000000000000f989                simlog_char
                0x000000000000f9e2                simlog
                0x000000000000fa62                log_message
                0x000000000000fa9b                log_set_putchar_with_slip
                0x000000000000faae                dbg_putchar
                0x000000000000fb2b                dbg_send_bytes
 .text          0x000000000000fb7f      0x36e build/cooja/contiki-ng-cooja.a(cfs-cooja.o)
                0x000000000000fb7f                cfs_open
                0x000000000000fbf8                cfs_close
                0x000000000000fc09                cfs_read
                0x000000000000fccd                cfs_write
                0x000000000000fdd7                cfs_seek
                0x000000000000fe82                cfs_remove
                0x000000000000feae                cfs_opendir
                0x000000000000fec1                cfs_readdir
                0x000000000000fed4                cfs_closedir
 .text          0x000000000000feed      0x730 build/cooja/contiki-ng-cooja.a(cooja-radio.o)
                0x000000000000ff3c                radio_set_channel
                0x000000000000ff52                radio_set_txpower
                0x000000000000ff6b                radio_signal_strength_last
                0x000000000000ff7a                radio_signal_strength_current
                0x000000000000ff89                radio_LQI
 .text          0x000000000001061d      0x151 build/cooja/contiki-ng-cooja.a(eeprom.o)
                0x000000000001061d                eeprom_init
                0x0000000000010628                eeprom_read
                0x00000000000106c4                eeprom_write
 .text          0x000000000001076e       0x27 build/cooja/contiki-ng-cooja.a(random.o)
                0x000000000001076e                random_init
                0x000000000001078a                random_rand
 .text          0x0000000000010795      0x33f build/cooja/contiki-ng-cooja.a(sensors.o)
                0x00000000000107da                sensors_first
                0x00000000000107ea                sensors_next
                0x0000000000010815                sensors_changed
                0x000000000001085e                sensors_find
 .text          0x0000000000010ad4      0x386 build/cooja/contiki-ng-cooja.a(leds.o)
                0x0000000000010ad4                leds_init
                0x0000000000010b1b                leds_single_on
                0x0000000000010b84                leds_single_off
                0x0000000000010bed                leds_single_toggle
                0x0000000000010c21                leds_on
                0x0000000000010cad                leds_off
                0x0000000000010d39                leds_toggle
                0x0000000000010d90                leds_set
                0x0000000000010db5                leds_get
 .text          0x0000000000010e5a      0x3ce build/cooja/contiki-ng-cooja.a(gpio-hal-arch.o)
                0x0000000000010e5a                gpio_hal_arch_register_pin_callback
                0x0000000000010efa                gpio_hal_arch_init
                0x0000000000010f43                gpio_hal_arch_no_port_interrupt_enable
                0x0000000000010f8c                gpio_hal_arch_no_port_interrupt_disable
                0x0000000000010fd5                gpio_hal_arch_no_port_pin_cfg_set
                0x0000000000011007                gpio_hal_arch_no_port_pin_cfg_get
                0x0000000000011037                gpio_hal_arch_no_port_pin_set_input
                0x0000000000011046                gpio_hal_arch_no_port_pin_set_output
                0x0000000000011055                gpio_hal_arch_no_port_set_pin
                0x0000000000011075                gpio_hal_arch_no_port_clear_pin
                0x0000000000011095                gpio_hal_arch_no_port_read_pin
                0x00000000000110bf                gpio_hal_arch_no_port_write_pin
                0x00000000000110e5                gpio_hal_arch_no_port_set_pins
                0x000000000001112f                gpio_hal_arch_no_port_clear_pins
                0x0000000000011179                gpio_hal_arch_no_port_read_pins
                0x00000000000111c4                gpio_hal_arch_no_port_write_pins
 .text          0x0000000000011228       0x94 build/cooja/contiki-ng-cooja.a(buttons.o)
 .text          0x00000000000112bc     0x3efd build/cooja/contiki-ng-cooja.a(mqtt.o)
                0x0000000000011746                mqtt_decode_var_byte_int
                0x0000000000011846                mqtt_encode_var_byte_int
                0x0000000000014a43                mqtt_init
                0x0000000000014b1b                mqtt_register
                0x0000000000014bdf                mqtt_connect
                0x0000000000014d1b                mqtt_disconnect
                0x0000000000014d68                mqtt_subscribe
                0x0000000000014e6d                mqtt_unsubscribe
                0x0000000000014f62                mqtt_publish
                0x0000000000015099                mqtt_set_username_password
                0x0000000000015146                mqtt_set_last_will
 .text          0x00000000000151b9      0x390 build/cooja/contiki-ng-cooja.a(contiki-main.o)
                0x00000000000151b9                main
 .text          0x0000000000015549       0xb3 build/cooja/contiki-ng-cooja.a(autostart.o)
                0x0000000000015549                autostart_start
                0x00000000000155a5                autostart_exit
 .text          0x00000000000155fc      0x421 build/cooja/contiki-ng-cooja.a(ctimer.o)
                0x000000000001575a                ctimer_init
                0x000000000001578b                ctimer_set
                0x00000000000157cb                ctimer_set_with_process
                0x0000000000015881                ctimer_reset
                0x00000000000158ee                ctimer_restart
                0x000000000001595b                ctimer_stop
                0x00000000000159b5                ctimer_expired
 .text          0x0000000000015a1d      0x4fa build/cooja/contiki-ng-cooja.a(log.o)
                0x0000000000015a1d                log_6addr
                0x0000000000015a7c                log_6addr_compact_snprint
                0x0000000000015b53                log_6addr_compact
                0x0000000000015bb2                log_lladdr
                0x0000000000015c28                log_lladdr_compact
                0x0000000000015c9f                log_bytes
                0x0000000000015cf7                log_set_level
                0x0000000000015dfd                log_get_level
                0x0000000000015eb0                log_level_to_str
 .text          0x0000000000015f17       0x19 build/cooja/contiki-ng-cooja.a(energest.o)
                0x0000000000015f17                energest_init
                0x0000000000015f1e                energest_flush
                0x0000000000015f25                energest_get_total_time
 .text          0x0000000000015f30      0x540 build/cooja/contiki-ng-cooja.a(etimer.o)
                0x00000000000161d0                etimer_request_poll
                0x000000000001627a                etimer_set
                0x00000000000162ac                etimer_reset_with_new_interval
                0x00000000000162e3                etimer_reset
                0x000000000001630a                etimer_restart
                0x0000000000016331                etimer_adjust
                0x000000000001635e                etimer_expired
                0x0000000000016379                etimer_expiration_time
                0x0000000000016395                etimer_start_time
                0x00000000000163a6                etimer_pending
                0x00000000000163bc                etimer_next_expiration_time
                0x00000000000163d9                etimer_stop
 .text          0x0000000000016470       0x32 build/cooja/contiki-ng-cooja.a(node-id.o)
                0x0000000000016470                node_id_init
 .text          0x00000000000164a2       0xf6 build/cooja/contiki-ng-cooja.a(rtimer.o)
                0x00000000000164a2                rtimer_init
                0x00000000000164ae                rtimer_set
                0x000000000001652b                rtimer_run_next
 .text          0x0000000000016598      0x641 build/cooja/contiki-ng-cooja.a(process.o)
                0x0000000000016598                process_alloc_event
                0x00000000000165ae                process_start
                0x0000000000016813                process_exit
                0x000000000001683b                process_init
                0x0000000000016a2b                process_run
                0x0000000000016a5c                process_nevents
                0x0000000000016a78                process_post
                0x0000000000016b3c                process_post_synch
                0x0000000000016b86                process_poll
                0x0000000000016bbf                process_is_running
 .text          0x0000000000016bd9       0xf3 build/cooja/contiki-ng-cooja.a(timer.o)
                0x0000000000016bd9                timer_set
                0x0000000000016c07                timer_reset
                0x0000000000016c3f                timer_restart
                0x0000000000016c5d                timer_expired
                0x0000000000016c9a                timer_remaining
 .text          0x0000000000016ccc      0x367 build/cooja/contiki-ng-cooja.a(list.o)
                0x0000000000016ccc                list_init
                0x0000000000016ce2                list_head
                0x0000000000016cf3                list_copy
                0x0000000000016d10                list_tail
                0x0000000000016d55                list_add
                0x0000000000016db5                list_push
                0x0000000000016df4                list_chop
                0x0000000000016e7d                list_pop
                0x0000000000016eb3                list_remove
                0x0000000000016f3b                list_length
                0x0000000000016f72                list_insert
                0x0000000000016fd1                list_item_next
                0x0000000000016ff0                list_contains
 .text          0x0000000000017033      0x54c build/cooja/contiki-ng-cooja.a(button-hal.o)
                0x00000000000171e8                button_hal_get_by_id
                0x0000000000017232                button_hal_get_by_index
                0x0000000000017265                button_hal_get_state
                0x00000000000172c4                button_hal_init
 .text          0x000000000001757f      0x217 build/cooja/contiki-ng-cooja.a(serial-line.o)
                0x000000000001757f                serial_line_input_byte
                0x0000000000017763                serial_line_init
 .text          0x0000000000017796      0x164 build/cooja/contiki-ng-cooja.a(gpio-hal.o)
                0x0000000000017796                gpio_hal_register_handler
                0x00000000000177bb                gpio_hal_event_handler
                0x0000000000017821                gpio_hal_init
                0x000000000001783c                gpio_hal_arch_port_toggle_pin
                0x000000000001786f                gpio_hal_arch_port_toggle_pins
                0x000000000001789c                gpio_hal_arch_no_port_toggle_pin
                0x00000000000178d2                gpio_hal_arch_no_port_toggle_pins
 .text          0x00000000000178fa      0x330 build/cooja/contiki-ng-cooja.a(queuebuf.o)
                0x000000000001790b                queuebuf_init
                0x000000000001792a                queuebuf_numfree
                0x000000000001793c                queuebuf_new_from_packetbuf
                0x00000000000179e5                queuebuf_update_attr_from_packetbuf
                0x0000000000017a24                queuebuf_update_from_packetbuf
                0x0000000000017a7c                queuebuf_free
                0x0000000000017acb                queuebuf_to_packetbuf
                0x0000000000017b3d                queuebuf_dataptr
                0x0000000000017b7d                queuebuf_datalen
                0x0000000000017ba9                queuebuf_addr
                0x0000000000017bec                queuebuf_attr
                0x0000000000017c23                queuebuf_debug_print
 .text          0x0000000000017c2a      0x458 build/cooja/contiki-ng-cooja.a(packetbuf.o)
                0x0000000000017c2a                packetbuf_clear
                0x0000000000017c54                packetbuf_copyfrom
                0x0000000000017caa                packetbuf_copyto
                0x0000000000017d4d                packetbuf_hdralloc
                0x0000000000017dd8                packetbuf_hdrreduce
                0x0000000000017e24                packetbuf_set_datalen
                0x0000000000017e3c                packetbuf_dataptr
                0x0000000000017e5e                packetbuf_hdrptr
                0x0000000000017e6b                packetbuf_datalen
                0x0000000000017e78                packetbuf_hdrlen
                0x0000000000017e90                packetbuf_totlen
                0x0000000000017eaf                packetbuf_remaininglen
                0x0000000000017ec3                packetbuf_attr_clear
                0x0000000000017f23                packetbuf_attr_copyto
                0x0000000000017f6a                packetbuf_attr_copyfrom
                0x0000000000017fb1                packetbuf_set_attr
                0x0000000000017fdd                packetbuf_attr
                0x0000000000017ffa                packetbuf_set_addr
                0x000000000001803c                packetbuf_addr
                0x0000000000018062                packetbuf_holds_broadcast
 .text          0x0000000000018082      0x11b build/cooja/contiki-ng-cooja.a(netstack.o)
                0x0000000000018082                netstack_process_ip_callback
                0x000000000001811f                netstack_ip_packet_processor_add
                0x000000000001814b                uip_ds6_ip_packet_processor_rm
                0x0000000000018170                netstack_init
 .text          0x000000000001819d       0x74 build/cooja/contiki-ng-cooja.a(linkaddr.o)
                0x000000000001819d                linkaddr_copy
                0x00000000000181ba                linkaddr_cmp
                0x00000000000181ec                linkaddr_set_node_addr
 .text          0x0000000000018211      0x10b build/cooja/contiki-ng-cooja.a(printf.o)
                0x0000000000018242                log_printf
 .text          0x000000000001831c      0x14a build/cooja/contiki-ng-cooja.a(sprintf.o)
                0x0000000000018363                log_sprintf
 .text          0x0000000000018466      0x1e9 build/cooja/contiki-ng-cooja.a(snprintf.o)
                0x00000000000184ea                log_snprintf
                0x00000000000185cb                log_vsnprintf
 .text          0x000000000001864f       0x39 build/cooja/contiki-ng-cooja.a(puts.o)
                0x000000000001864f                log_puts
 .text          0x0000000000018688       0x1a build/cooja/contiki-ng-cooja.a(putchar.o)
                0x0000000000018688                log_putchar
 .text          0x00000000000186a2      0x27f build/cooja/contiki-ng-cooja.a(csma.o)
 .text          0x0000000000018921      0xa73 build/cooja/contiki-ng-cooja.a(csma-output.o)
                0x00000000000190b0                csma_output_packet
                0x0000000000019369                csma_output_init
 .text          0x0000000000019394      0xe33 build/cooja/contiki-ng-cooja.a(uip-ds6.o)
                0x0000000000019394                uip_ds6_default_prefix
                0x00000000000193a1                uip_ds6_set_default_prefix
                0x00000000000193c5                uip_ds6_init
                0x0000000000019653                uip_ds6_periodic
                0x00000000000196f1                uip_ds6_list_loop
                0x00000000000197d6                uip_ds6_prefix_add
                0x00000000000198a3                uip_ds6_prefix_rm
                0x00000000000198bd                uip_ds6_prefix_lookup
                0x0000000000019910                uip_ds6_is_addr_onlink
                0x00000000000199a0                uip_ds6_addr_add
                0x0000000000019ae1                uip_ds6_addr_rm
                0x0000000000019b95                uip_ds6_addr_lookup
                0x0000000000019be3                uip_ds6_get_link_local
                0x0000000000019c84                uip_ds6_get_global
                0x0000000000019d25                uip_ds6_maddr_add
                0x0000000000019d9a                uip_ds6_maddr_rm
                0x0000000000019db4                uip_ds6_maddr_lookup
                0x0000000000019e05                uip_ds6_aaddr_add
                0x0000000000019e7a                uip_ds6_aaddr_rm
                0x0000000000019e94                uip_ds6_aaddr_lookup
                0x0000000000019ee5                uip_ds6_select_src
                0x000000000001a06b                uip_ds6_set_addr_iid
                0x000000000001a0a0                uip_ds6_set_lladdr_from_iid
                0x000000000001a0d3                get_match_length
                0x000000000001a17d                uip_ds6_compute_reachable_time
 .text          0x000000000001a1c7      0xb76 build/cooja/contiki-ng-cooja.a(tcp-socket.o)
                0x000000000001a8f0                tcp_socket_register
                0x000000000001a9b4                tcp_socket_connect
                0x000000000001aa70                tcp_socket_listen
                0x000000000001aaf9                tcp_socket_unlisten
                0x000000000001ab81                tcp_socket_send
                0x000000000001ac3b                tcp_socket_send_str
                0x000000000001ac6e                tcp_socket_close
                0x000000000001ac9f                tcp_socket_unregister
                0x000000000001ad04                tcp_socket_max_sendlen
                0x000000000001ad28                tcp_socket_queuelen
 .text          0x000000000001ad3d      0x3a4 build/cooja/contiki-ng-cooja.a(uip-ds6-route.o)
                0x000000000001ad8d                uip_ds6_route_init
                0x000000000001adaf                uip_ds6_route_count_nexthop_neighbors
                0x000000000001adba                uip_ds6_route_nexthop
                0x000000000001adc9                uip_ds6_route_head
                0x000000000001add4                uip_ds6_route_next
                0x000000000001ade3                uip_ds6_route_is_nexthop
                0x000000000001adf2                uip_ds6_route_num_routes
                0x000000000001adfd                uip_ds6_route_lookup
                0x000000000001ae0c                uip_ds6_route_add
                0x000000000001ae24                uip_ds6_route_rm
                0x000000000001ae2f                uip_ds6_route_rm_by_nexthop
                0x000000000001ae3a                uip_ds6_defrt_head
                0x000000000001ae4f                uip_ds6_defrt_add
                0x000000000001af08                uip_ds6_defrt_rm
                0x000000000001af77                uip_ds6_defrt_lookup
                0x000000000001afea                uip_ds6_defrt_choose
                0x000000000001b069                uip_ds6_defrt_periodic
 .text          0x000000000001b0e1      0xc10 build/cooja/contiki-ng-cooja.a(tcpip.o)
                0x000000000001b10d                tcpip_output
                0x000000000001b1f9                tcp_connect
                0x000000000001b25c                tcp_unlisten
                0x000000000001b2c7                tcp_listen
                0x000000000001b32e                tcp_attach
                0x000000000001b358                udp_attach
                0x000000000001b382                udp_new
                0x000000000001b3d9                udp_broadcast_new
                0x000000000001b6c6                tcpip_input
                0x000000000001b889                tcpip_ipv6_output
                0x000000000001badf                tcpip_poll_udp
                0x000000000001bb09                tcpip_poll_tcp
                0x000000000001bb33                tcpip_uipcall
 .text          0x000000000001bcf1     0x387b build/cooja/contiki-ng-cooja.a(uip6.o)
                0x000000000001bcf1                uip_add32
                0x000000000001bef3                uip_chksum
                0x000000000001bfd5                uip_icmp6chksum
                0x000000000001bfe5                uip_tcpchksum
                0x000000000001bff5                uip_udpchksum
                0x000000000001c005                uip_init
                0x000000000001c0c5                uip_connect
                0x000000000001c26b                uip_remove_ext_hdr
                0x000000000001c368                uip_udp_new
                0x000000000001c4d1                uip_unlisten
                0x000000000001c51c                uip_listen
                0x000000000001c81b                uip_process
                0x000000000001f3fb                uip_htons
                0x000000000001f41a                uip_htonl
                0x000000000001f45e                uip_send
 .text          0x000000000001f56c      0x3e1 build/cooja/contiki-ng-cooja.a(uip-ds6-nbr.o)
                0x000000000001f56c                uip_ds6_neighbors_init
                0x000000000001f591                uip_ds6_nbr_add
                0x000000000001f62b                uip_ds6_nbr_rm
                0x000000000001f684                uip_ds6_nbr_update_ll
                0x000000000001f788                uip_ds6_nbr_get_ipaddr
                0x000000000001f7a4                uip_ds6_nbr_get_ll
                0x000000000001f7c8                uip_ds6_nbr_num
                0x000000000001f816                uip_ds6_nbr_head
                0x000000000001f82b                uip_ds6_nbr_next
                0x000000000001f84f                uip_ds6_nbr_lookup
                0x000000000001f8b4                uip_ds6_nbr_ll_lookup
                0x000000000001f8d8                uip_ds6_nbr_ipaddr_from_lladdr
                0x000000000001f908                uip_ds6_nbr_lladdr_from_ipaddr
                0x000000000001f940                uip_ds6_link_callback
 .text          0x000000000001f94d      0x86a build/cooja/contiki-ng-cooja.a(uip-nd6.o)
                0x00000000000201a4                uip_nd6_init
 .text          0x00000000000201b7     0x3765 build/cooja/contiki-ng-cooja.a(sicslowpan.o)
                0x0000000000020983                netstack_sniffer_add
                0x0000000000020999                netstack_sniffer_remove
                0x00000000000238ed                sicslowpan_init
                0x0000000000023910                sicslowpan_get_last_rssi
 .text          0x000000000002391c      0x571 build/cooja/contiki-ng-cooja.a(uiplib.o)
                0x000000000002391c                uiplib_ip6addrconv
                0x0000000000023afe                uiplib_ip4addrconv
                0x0000000000023bcc                uiplib_ipaddr_print
                0x0000000000023c2b                uiplib_ipaddr_snprint
 .text          0x0000000000023e8d      0x629 build/cooja/contiki-ng-cooja.a(rpl.o)
                0x0000000000023e8d                rpl_lollipop_greater_than
                0x0000000000023eed                rpl_get_global_address
                0x0000000000024089                rpl_link_callback
                0x00000000000240ef                rpl_has_joined
                0x000000000002411e                rpl_is_reachable
                0x00000000000241bc                rpl_reset_prefix
                0x000000000002422f                rpl_set_prefix_from_addr
                0x000000000002433d                rpl_set_prefix
                0x0000000000024493                rpl_set_leaf_only
                0x00000000000244a9                rpl_get_leaf_only
 .text          0x00000000000244b6     0x1696 build/cooja/contiki-ng-cooja.a(rpl-icmp6.o)
                0x000000000002463a                rpl_icmp6_update_nbr_table
                0x00000000000246e7                rpl_icmp6_dis_output
                0x0000000000024df6                rpl_icmp6_dio_output
                0x000000000002571b                rpl_icmp6_dao_output
                0x0000000000025a83                rpl_icmp6_dao_ack_output
                0x0000000000025b15                rpl_icmp6_init
 .text          0x0000000000025b4c      0x33f build/cooja/contiki-ng-cooja.a(rpl-dag-root.o)
                0x0000000000025b4c                rpl_dag_root_print_links
                0x0000000000025cb2                rpl_dag_root_set_prefix
                0x0000000000025cea                rpl_dag_root_start
                0x0000000000025e4f                rpl_dag_root_is_root
 .text          0x0000000000025e8b       0x35 build/cooja/contiki-ng-cooja.a(watchdog.o)
                0x0000000000025e8b                watchdog_init
                0x0000000000025e92                watchdog_start
                0x0000000000025e99                watchdog_periodic
                0x0000000000025eb2                watchdog_stop
                0x0000000000025eb9                watchdog_reboot
 .text          0x0000000000025ec0       0x51 build/cooja/contiki-ng-cooja.a(int-master.o)
                0x0000000000025ec0                int_master_enable
                0x0000000000025ed1                int_master_read_and_disable
                0x0000000000025eed                int_master_status_set
                0x0000000000025f00                int_master_is_enabled
 .text          0x0000000000025f11      0x11a build/cooja/contiki-ng-cooja.a(stimer.o)
                0x0000000000025f11                stimer_set
                0x0000000000025f3f                stimer_reset
                0x0000000000025f77                stimer_restart
                0x0000000000025f95                stimer_expired
                0x0000000000025fd6                stimer_remaining
                0x0000000000026008                stimer_elapsed
 .text          0x000000000002602b      0x189 build/cooja/contiki-ng-cooja.a(ringbuf.o)
                0x000000000002602b                ringbuf_init
                0x0000000000026068                ringbuf_put
                0x00000000000260f3                ringbuf_get
                0x000000000002616d                ringbuf_size
                0x0000000000026185                ringbuf_elements
 .text          0x00000000000261b4      0x206 build/cooja/contiki-ng-cooja.a(memb.o)
                0x00000000000261b4                memb_init
                0x0000000000026213                memb_alloc
                0x0000000000026289                memb_free
                0x0000000000026318                memb_inmemb
                0x000000000002636b                memb_numfree
 .text          0x00000000000263ba       0x2d build/cooja/contiki-ng-cooja.a(assert.o)
                0x00000000000263ba                _xassert
 .text          0x00000000000263e7      0xc1c build/cooja/contiki-ng-cooja.a(nbr-table.o)
                0x000000000002681d                nbr_table_count_entries
                0x00000000000268b9                nbr_table_gc_get_worst
                0x00000000000268f9                nbr_table_can_accept_new
                0x0000000000026aa0                nbr_table_entry_is_allowed
                0x0000000000026b42                nbr_table_register
                0x0000000000026bd0                nbr_table_is_registered
                0x0000000000026c23                nbr_table_head
                0x0000000000026c8a                nbr_table_next
                0x0000000000026d00                nbr_table_add_lladdr
                0x0000000000026e59                nbr_table_get_from_lladdr
                0x0000000000026eb1                nbr_table_remove
                0x0000000000026f01                nbr_table_lock
                0x0000000000026f2f                nbr_table_unlock
                0x0000000000026f5d                nbr_table_get_lladdr
                0x0000000000026f9c                nbr_table_clear
                0x0000000000026fd4                nbr_table_key_head
                0x0000000000026fe9                nbr_table_key_next
 .text          0x0000000000027003      0x45c build/cooja/contiki-ng-cooja.a(link-stats.o)
                0x0000000000027003                link_stats_from_lladdr
                0x0000000000027027                link_stats_get_lladdr
                0x000000000002704b                link_stats_is_fresh
                0x0000000000027095                guess_etx_from_rssi
                0x0000000000027117                link_stats_packet_sent
                0x0000000000027277                link_stats_input_callback
                0x00000000000273cd                link_stats_reset
                0x0000000000027424                link_stats_init
 .text          0x000000000002745f      0x1da build/cooja/contiki-ng-cooja.a(mac-sequence.o)
                0x000000000002745f                mac_sequence_is_duplicate
                0x0000000000027540                mac_sequence_register_seqno
 .text          0x0000000000027639       0x33 build/cooja/contiki-ng-cooja.a(mac.o)
                0x0000000000027639                mac_call_sent_callback
 .text          0x000000000002766c      0x442 build/cooja/contiki-ng-cooja.a(framer-802154.o)
                0x0000000000027803                framer_802154_setup_params
 .text          0x0000000000027aae      0xc84 build/cooja/contiki-ng-cooja.a(frame802154.o)
                0x0000000000027adc                frame802154_get_pan_id
                0x0000000000027ae9                frame802154_set_pan_id
                0x0000000000027b01                frame802154_has_panid
                0x0000000000027cdc                frame802154_check_dest_panid
                0x0000000000027d77                frame802154_is_broadcast_addr
                0x0000000000027dca                frame802154_extract_linkaddr
                0x0000000000028060                frame802154_hdrlen
                0x00000000000280db                frame802154_create_fcf
                0x00000000000281a9                frame802154_create
                0x000000000002834f                frame802154_parse_fcf
                0x0000000000028442                frame802154_parse
 .text          0x0000000000028732     0x16ba build/cooja/contiki-ng-cooja.a(strformat.o)
                0x0000000000028aa4                format_str
                0x0000000000028b81                format_str_v
 .text          0x0000000000029dec       0x35 build/cooja/contiki-ng-cooja.a(csma-security.o)
                0x0000000000029dec                csma_security_create_frame
                0x0000000000029e0e                csma_security_parse_frame
 .text          0x0000000000029e21      0x57a build/cooja/contiki-ng-cooja.a(uipbuf.o)
                0x0000000000029e21                uipbuf_clear
                0x0000000000029e4f                uipbuf_add_ext_hdr
                0x0000000000029ee3                uipbuf_set_len
                0x0000000000029f11                uipbuf_set_len_field
                0x0000000000029f40                uipbuf_get_len_field
                0x0000000000029f67                uipbuf_get_next_header
                0x000000000002a0d3                uipbuf_get_last_header
                0x000000000002a168                uipbuf_search_header
                0x000000000002a233                uipbuf_get_attr
                0x000000000002a260                uipbuf_set_attr
                0x000000000002a29c                uipbuf_set_default_attr
                0x000000000002a2d8                uipbuf_clear_attr
                0x000000000002a2fb                uipbuf_set_attr_flag
                0x000000000002a31a                uipbuf_clr_attr_flag
                0x000000000002a33f                uipbuf_is_attr_flag
                0x000000000002a360                uipbuf_init
 .text          0x000000000002a39b      0x88f build/cooja/contiki-ng-cooja.a(uip-icmp6.o)
                0x000000000002a414                uip_icmp6_input
                0x000000000002a46e                uip_icmp6_register_input_handler
                0x000000000002a5fc                uip_icmp6_error_output
                0x000000000002a95f                uip_icmp6_send
                0x000000000002aba3                uip_icmp6_echo_reply_callback_add
                0x000000000002abe6                uip_icmp6_echo_reply_callback_rm
                0x000000000002ac0b                uip_icmp6_init
 .text          0x000000000002ac2a      0x7ad build/cooja/contiki-ng-cooja.a(uip-sr.o)
                0x000000000002ac2a                uip_sr_num_nodes
                0x000000000002accd                uip_sr_get_node
                0x000000000002ad31                uip_sr_is_addr_reachable
                0x000000000002adf5                uip_sr_expire_parent
                0x000000000002ae60                uip_sr_update_node
                0x000000000002afcd                uip_sr_init
                0x000000000002aff9                uip_sr_node_head
                0x000000000002b00e                uip_sr_node_next
                0x000000000002b028                uip_sr_periodic
                0x000000000002b15d                uip_sr_free_all
                0x000000000002b1d4                uip_sr_link_snprint
 .text          0x000000000002b3d7      0x197 build/cooja/contiki-ng-cooja.a(uip-packetqueue.o)
                0x000000000002b40f                uip_packetqueue_new
                0x000000000002b425                uip_packetqueue_alloc
                0x000000000002b49b                uip_packetqueue_free
                0x000000000002b4ec                uip_packetqueue_buf
                0x000000000002b514                uip_packetqueue_buflen
                0x000000000002b53f                uip_packetqueue_set_buflen
 .text          0x000000000002b56e       0x85 build/cooja/contiki-ng-cooja.a(rpl-nbr-policy.o)
                0x000000000002b5b2                rpl_nbr_gc_get_worst
 .text          0x000000000002b5f3      0xa97 build/cooja/contiki-ng-cooja.a(rpl-neighbor.o)
                0x000000000002b682                rpl_neighbor_snprint
                0x000000000002b9b9                rpl_neighbor_print_list
                0x000000000002ba8c                rpl_neighbor_count
                0x000000000002bb6f                rpl_neighbor_get_from_lladdr
                0x000000000002bb96                rpl_neighbor_is_acceptable_parent
                0x000000000002bbde                rpl_neighbor_get_link_metric
                0x000000000002bc26                rpl_neighbor_rank_via_nbr
                0x000000000002bc6e                rpl_neighbor_get_lladdr
                0x000000000002bc95                rpl_neighbor_get_ipaddr
                0x000000000002bcbf                rpl_neighbor_get_link_stats
                0x000000000002bce9                rpl_neighbor_is_fresh
                0x000000000002bd13                rpl_neighbor_is_parent
                0x000000000002bd48                rpl_neighbor_set_preferred_parent
                0x000000000002bdfb                rpl_neighbor_remove_all
                0x000000000002be5d                rpl_neighbor_get_from_ipaddr
                0x000000000002bf8e                rpl_neighbor_select_best
                0x000000000002c06a                rpl_neighbor_init
 .text          0x000000000002c08a     0x1172 build/cooja/contiki-ng-cooja.a(rpl-dag.o)
                0x000000000002c08a                rpl_dag_state_to_str
                0x000000000002c0d7                rpl_dag_get_root_ipaddr
                0x000000000002c11d                rpl_dag_leave
                0x000000000002c1c1                rpl_dag_poison_and_leave
                0x000000000002c1db                rpl_dag_periodic
                0x000000000002c29b                rpl_is_addr_in_our_dag
                0x000000000002c2f0                rpl_get_default_instance
                0x000000000002c313                rpl_get_any_dag
                0x000000000002c378                rpl_refresh_routes
                0x000000000002c3d6                rpl_global_repair
                0x000000000002c48a                rpl_local_repair
                0x000000000002c4e5                rpl_dag_ready_to_advertise
                0x000000000002c539                rpl_dag_update_state
                0x000000000002cdd4                rpl_process_dio
                0x000000000002ce6f                rpl_process_dis
                0x000000000002cebc                rpl_process_dao
                0x000000000002cf61                rpl_process_dao_ack
                0x000000000002d00a                rpl_process_hbh
                0x000000000002d065                rpl_dag_init_root
                0x000000000002d1dc                rpl_dag_init
 .text          0x000000000002d1fc      0xc9b build/cooja/contiki-ng-cooja.a(rpl-timers.o)
                0x000000000002d1fc                rpl_timers_schedule_periodic_dis
                0x000000000002d3c5                rpl_timers_dio_reset
                0x000000000002d53e                rpl_timers_schedule_unicast_dio
                0x000000000002d709                rpl_timers_schedule_dao
                0x000000000002d804                rpl_timers_schedule_dao_ack
                0x000000000002d8b8                rpl_timers_notify_dao_ack
                0x000000000002d922                get_probing_delay
                0x000000000002d96b                get_probing_target
                0x000000000002dbab                rpl_schedule_probing
                0x000000000002dbe8                rpl_schedule_probing_now
                0x000000000002dc6b                rpl_timers_unschedule_leaving
                0x000000000002dcab                rpl_timers_schedule_leaving
                0x000000000002dcfc                rpl_timers_init
                0x000000000002dd9d                rpl_timers_stop_dag_timers
                0x000000000002de26                rpl_timers_unschedule_state_update
                0x000000000002de4c                rpl_timers_schedule_state_update
 .text          0x000000000002de97      0xdd9 build/cooja/contiki-ng-cooja.a(rpl-ext-header.o)
                0x000000000002de97                rpl_ext_header_srh_get_next_hop
                0x000000000002dfa1                rpl_ext_header_srh_update
                0x000000000002e633                rpl_ext_header_hbh_update
                0x000000000002e9ce                rpl_ext_header_update
                0x000000000002ea74                rpl_ext_header_remove
 .text          0x000000000002ec70      0x354 build/cooja/contiki-ng-cooja.a(rpl-mrhof.o)
 .text          0x000000000002efc4        0x0 /usr/lib/gcc/x86_64-linux-gnu/7/crtendS.o
 .text          0x000000000002efc4        0x0 /usr/lib/gcc/x86_64-linux-gnu/7/../../../x86_64-linux-gnu/crtn.o
 *(.gnu.warning)

.fini           0x000000000002efc4        0x9
 *(SORT_NONE(.fini))
 .fini          0x000000000002efc4        0x4 /usr/lib/gcc/x86_64-linux-gnu/7/../../../x86_64-linux-gnu/crti.o
                0x000000000002efc4                _fini
 .fini          0x000000000002efc8        0x5 /usr/lib/gcc/x86_64-linux-gnu/7/../../../x86_64-linux-gnu/crtn.o
                [!provide]                        PROVIDE (__etext = .)
                [!provide]                        PROVIDE (_etext = .)
                [!provide]                        PROVIDE (etext = .)

.rodata         0x000000000002efd0      0xa93
 *(.rodata .rodata.* .gnu.linkonce.r.*)
 .rodata        0x000000000002efd0      0x243 mqtt-client.o
 .rodata        0x000000000002f213        0x6 build/cooja/contiki-ng-cooja.a(leds-arch.o)
                0x000000000002f213                leds_arch_leds
 .rodata        0x000000000002f219        0x4 build/cooja/contiki-ng-cooja.a(pir-sensor.o)
 .rodata        0x000000000002f21d        0x3 build/cooja/contiki-ng-cooja.a(rs232.o)
 .rodata        0x000000000002f220        0xa build/cooja/contiki-ng-cooja.a(vib-sensor.o)
 *fill*         0x000000000002f22a        0x6 
 .rodata        0x000000000002f230       0x26 build/cooja/contiki-ng-cooja.a(cfs-cooja.o)
 *fill*         0x000000000002f256        0x2 
 .rodata        0x000000000002f258       0x68 build/cooja/contiki-ng-cooja.a(cooja-radio.o)
 .rodata        0x000000000002f2c0        0x8 build/cooja/contiki-ng-cooja.a(sensors.o)
 .rodata        0x000000000002f2c8       0x14 build/cooja/contiki-ng-cooja.a(buttons.o)
                0x000000000002f2d4                button_hal_button_count
 .rodata        0x000000000002f2dc       0x14 build/cooja/contiki-ng-cooja.a(mqtt.o)
 .rodata        0x000000000002f2f0       0xf4 build/cooja/contiki-ng-cooja.a(contiki-main.o)
 .rodata        0x000000000002f3e4        0xf build/cooja/contiki-ng-cooja.a(ctimer.o)
 *fill*         0x000000000002f3f3        0x1 
 .rodata        0x000000000002f3f4       0xc0 build/cooja/contiki-ng-cooja.a(log.o)
 .rodata        0x000000000002f4b4        0xc build/cooja/contiki-ng-cooja.a(etimer.o)
 .rodata        0x000000000002f4c0       0x13 build/cooja/contiki-ng-cooja.a(button-hal.o)
 .rodata        0x000000000002f4d3        0xe build/cooja/contiki-ng-cooja.a(serial-line.o)
 *fill*         0x000000000002f4e1        0x7 
 .rodata        0x000000000002f4e8        0x8 build/cooja/contiki-ng-cooja.a(linkaddr.o)
                0x000000000002f4e8                linkaddr_null
 .rodata        0x000000000002f4f0        0x5 build/cooja/contiki-ng-cooja.a(csma.o)
 *fill*         0x000000000002f4f5        0x3 
 .rodata        0x000000000002f4f8       0x27 build/cooja/contiki-ng-cooja.a(csma-output.o)
 .rodata        0x000000000002f51f       0x13 build/cooja/contiki-ng-cooja.a(tcp-socket.o)
 *fill*         0x000000000002f532        0x6 
 .rodata        0x000000000002f538       0x4c build/cooja/contiki-ng-cooja.a(uip-ds6-route.o)
 .rodata        0x000000000002f584        0xd build/cooja/contiki-ng-cooja.a(tcpip.o)
 *fill*         0x000000000002f591        0x3 
 .rodata        0x000000000002f594       0x48 build/cooja/contiki-ng-cooja.a(uip6.o)
 .rodata        0x000000000002f5dc       0x1d build/cooja/contiki-ng-cooja.a(sicslowpan.o)
                0x000000000002f5dc                unc_llconf
                0x000000000002f5e0                unc_ctxconf
                0x000000000002f5e4                unc_mxconf
                0x000000000002f5e8                llprefix
 .rodata        0x000000000002f5f9       0x2d build/cooja/contiki-ng-cooja.a(uiplib.o)
 .rodata        0x000000000002f626        0x9 build/cooja/contiki-ng-cooja.a(rpl.o)
 *fill*         0x000000000002f62f        0x1 
 .rodata        0x000000000002f630       0x25 build/cooja/contiki-ng-cooja.a(assert.o)
 *fill*         0x000000000002f655        0xb 
 .rodata        0x000000000002f660      0x280 build/cooja/contiki-ng-cooja.a(strformat.o)
 .rodata        0x000000000002f8e0       0x44 build/cooja/contiki-ng-cooja.a(uip-sr.o)
 *fill*         0x000000000002f924        0x4 
 .rodata        0x000000000002f928       0x58 build/cooja/contiki-ng-cooja.a(rpl-neighbor.o)
 .rodata        0x000000000002f980       0xd7 build/cooja/contiki-ng-cooja.a(rpl-dag.o)
 .rodata        0x000000000002fa57        0xc build/cooja/contiki-ng-cooja.a(rpl-timers.o)

.rodata1
 *(.rodata1)

.eh_frame_hdr   0x000000000002fa64     0x18e4
 *(.eh_frame_hdr)
 .eh_frame_hdr  0x000000000002fa64     0x18e4 mqtt-client.o
                0x000000000002fa64                __GNU_EH_FRAME_HDR
 *(.eh_frame_entry .eh_frame_entry.*)

.eh_frame       0x0000000000031348     0x6404
 *(.eh_frame)
 .eh_frame      0x0000000000031348       0x40 /usr/lib/gcc/x86_64-linux-gnu/7/../../../x86_64-linux-gnu/crti.o
 .eh_frame      0x0000000000031388       0x18 /usr/lib/gcc/x86_64-linux-gnu/7/../../../x86_64-linux-gnu/crti.o
                                         0x30 (size before relaxing)
 .eh_frame      0x00000000000313a0       0x88 mqtt-client.o
                                         0xa0 (size before relaxing)
 .eh_frame      0x0000000000031428      0x198 build/cooja/mtype68045012.o
                                        0x1b0 (size before relaxing)
 .eh_frame      0x00000000000315c0       0x40 build/cooja/contiki-ng-cooja.a(simEnvChange.o)
                                         0x58 (size before relaxing)
 .eh_frame      0x0000000000031600       0x60 build/cooja/contiki-ng-cooja.a(cooja_mt.o)
                                         0x78 (size before relaxing)
 .eh_frame      0x0000000000031660       0x80 build/cooja/contiki-ng-cooja.a(cooja_mtarch.o)
                                         0x98 (size before relaxing)
 .eh_frame      0x00000000000316e0       0xc0 build/cooja/contiki-ng-cooja.a(rtimer-arch.o)
                                         0xd8 (size before relaxing)
 .eh_frame      0x00000000000317a0      0x160 build/cooja/contiki-ng-cooja.a(beep.o)
                                        0x178 (size before relaxing)
 .eh_frame      0x0000000000031900       0x80 build/cooja/contiki-ng-cooja.a(leds-arch.o)
                                         0x98 (size before relaxing)
 .eh_frame      0x0000000000031980       0x40 build/cooja/contiki-ng-cooja.a(moteid.o)
                                         0x58 (size before relaxing)
 .eh_frame      0x00000000000319c0       0xa0 build/cooja/contiki-ng-cooja.a(pir-sensor.o)
                                         0xb8 (size before relaxing)
 .eh_frame      0x0000000000031a60      0x100 build/cooja/contiki-ng-cooja.a(rs232.o)
                                        0x118 (size before relaxing)
 .eh_frame      0x0000000000031b60       0xa0 build/cooja/contiki-ng-cooja.a(vib-sensor.o)
                                         0xb8 (size before relaxing)
 .eh_frame      0x0000000000031c00       0xc0 build/cooja/contiki-ng-cooja.a(clock.o)
                                         0xd8 (size before relaxing)
 .eh_frame      0x0000000000031cc0      0x100 build/cooja/contiki-ng-cooja.a(cooja-log.o)
                                        0x118 (size before relaxing)
 .eh_frame      0x0000000000031dc0      0x160 build/cooja/contiki-ng-cooja.a(cfs-cooja.o)
                                        0x178 (size before relaxing)
 .eh_frame      0x0000000000031f20      0x360 build/cooja/contiki-ng-cooja.a(cooja-radio.o)
                                        0x378 (size before relaxing)
 .eh_frame      0x0000000000032280       0xa0 build/cooja/contiki-ng-cooja.a(eeprom.o)
                                         0xb8 (size before relaxing)
 .eh_frame      0x0000000000032320       0x40 build/cooja/contiki-ng-cooja.a(random.o)
                                         0x58 (size before relaxing)
 .eh_frame      0x0000000000032360       0xc0 build/cooja/contiki-ng-cooja.a(sensors.o)
                                         0xd8 (size before relaxing)
 .eh_frame      0x0000000000032420      0x120 build/cooja/contiki-ng-cooja.a(leds.o)
                                        0x138 (size before relaxing)
 .eh_frame      0x0000000000032540      0x220 build/cooja/contiki-ng-cooja.a(gpio-hal-arch.o)
                                        0x238 (size before relaxing)
 .eh_frame      0x0000000000032760       0xa0 build/cooja/contiki-ng-cooja.a(buttons.o)
                                         0xb8 (size before relaxing)
 .eh_frame      0x0000000000032800      0x4e0 build/cooja/contiki-ng-cooja.a(mqtt.o)
                                        0x4f8 (size before relaxing)
 .eh_frame      0x0000000000032ce0       0x20 build/cooja/contiki-ng-cooja.a(contiki-main.o)
                                         0x38 (size before relaxing)
 .eh_frame      0x0000000000032d00       0x40 build/cooja/contiki-ng-cooja.a(autostart.o)
                                         0x58 (size before relaxing)
 .eh_frame      0x0000000000032d40      0x100 build/cooja/contiki-ng-cooja.a(ctimer.o)
                                        0x118 (size before relaxing)
 .eh_frame      0x0000000000032e40      0x120 build/cooja/contiki-ng-cooja.a(log.o)
                                        0x138 (size before relaxing)
 .eh_frame      0x0000000000032f60       0x60 build/cooja/contiki-ng-cooja.a(energest.o)
                                         0x78 (size before relaxing)
 .eh_frame      0x0000000000032fc0      0x1e0 build/cooja/contiki-ng-cooja.a(etimer.o)
                                        0x1f8 (size before relaxing)
 .eh_frame      0x00000000000331a0       0x20 build/cooja/contiki-ng-cooja.a(node-id.o)
                                         0x38 (size before relaxing)
 .eh_frame      0x00000000000331c0       0x60 build/cooja/contiki-ng-cooja.a(rtimer.o)
                                         0x78 (size before relaxing)
 .eh_frame      0x0000000000033220      0x1c8 build/cooja/contiki-ng-cooja.a(process.o)
                                        0x1e0 (size before relaxing)
 .eh_frame      0x00000000000333e8       0xa0 build/cooja/contiki-ng-cooja.a(timer.o)
                                         0xb8 (size before relaxing)
 .eh_frame      0x0000000000033488      0x1a0 build/cooja/contiki-ng-cooja.a(list.o)
                                        0x1b8 (size before relaxing)
 .eh_frame      0x0000000000033628      0x160 build/cooja/contiki-ng-cooja.a(button-hal.o)
                                        0x178 (size before relaxing)
 .eh_frame      0x0000000000033788       0x60 build/cooja/contiki-ng-cooja.a(serial-line.o)
                                         0x78 (size before relaxing)
 .eh_frame      0x00000000000337e8       0xe0 build/cooja/contiki-ng-cooja.a(gpio-hal.o)
                                         0xf8 (size before relaxing)
 .eh_frame      0x00000000000338c8      0x1a0 build/cooja/contiki-ng-cooja.a(queuebuf.o)
                                        0x1b8 (size before relaxing)
 .eh_frame      0x0000000000033a68      0x288 build/cooja/contiki-ng-cooja.a(packetbuf.o)
                                        0x2a0 (size before relaxing)
 .eh_frame      0x0000000000033cf0       0x80 build/cooja/contiki-ng-cooja.a(netstack.o)
                                         0x98 (size before relaxing)
 .eh_frame      0x0000000000033d70       0x60 build/cooja/contiki-ng-cooja.a(linkaddr.o)
                                         0x78 (size before relaxing)
 .eh_frame      0x0000000000033dd0       0x40 build/cooja/contiki-ng-cooja.a(printf.o)
                                         0x58 (size before relaxing)
 .eh_frame      0x0000000000033e10       0x40 build/cooja/contiki-ng-cooja.a(sprintf.o)
                                         0x58 (size before relaxing)
 .eh_frame      0x0000000000033e50       0x60 build/cooja/contiki-ng-cooja.a(snprintf.o)
                                         0x78 (size before relaxing)
 .eh_frame      0x0000000000033eb0       0x20 build/cooja/contiki-ng-cooja.a(puts.o)
                                         0x38 (size before relaxing)
 .eh_frame      0x0000000000033ed0       0x20 build/cooja/contiki-ng-cooja.a(putchar.o)
                                         0x38 (size before relaxing)
 .eh_frame      0x0000000000033ef0       0xe0 build/cooja/contiki-ng-cooja.a(csma.o)
                                         0xf8 (size before relaxing)
 .eh_frame      0x0000000000033fd0      0x1c8 build/cooja/contiki-ng-cooja.a(csma-output.o)
                                        0x1e0 (size before relaxing)
 .eh_frame      0x0000000000034198      0x328 build/cooja/contiki-ng-cooja.a(uip-ds6.o)
                                        0x340 (size before relaxing)
 .eh_frame      0x00000000000344c0      0x248 build/cooja/contiki-ng-cooja.a(tcp-socket.o)
                                        0x260 (size before relaxing)
 .eh_frame      0x0000000000034708      0x240 build/cooja/contiki-ng-cooja.a(uip-ds6-route.o)
                                        0x258 (size before relaxing)
 .eh_frame      0x0000000000034948      0x308 build/cooja/contiki-ng-cooja.a(tcpip.o)
                                        0x320 (size before relaxing)
 .eh_frame      0x0000000000034c50      0x2b0 build/cooja/contiki-ng-cooja.a(uip6.o)
                                        0x2c8 (size before relaxing)
 .eh_frame      0x0000000000034f00      0x1c0 build/cooja/contiki-ng-cooja.a(uip-ds6-nbr.o)
                                        0x1d8 (size before relaxing)
 .eh_frame      0x00000000000350c0       0x80 build/cooja/contiki-ng-cooja.a(uip-nd6.o)
                                         0x98 (size before relaxing)
 .eh_frame      0x0000000000035140      0x2e0 build/cooja/contiki-ng-cooja.a(sicslowpan.o)
                                        0x2f8 (size before relaxing)
 .eh_frame      0x0000000000035420       0x80 build/cooja/contiki-ng-cooja.a(uiplib.o)
                                         0x98 (size before relaxing)
 .eh_frame      0x00000000000354a0      0x1e0 build/cooja/contiki-ng-cooja.a(rpl.o)
                                        0x1f8 (size before relaxing)
 .eh_frame      0x0000000000035680      0x1c0 build/cooja/contiki-ng-cooja.a(rpl-icmp6.o)
                                        0x1d8 (size before relaxing)
 .eh_frame      0x0000000000035840       0xa0 build/cooja/contiki-ng-cooja.a(rpl-dag-root.o)
                                         0xb8 (size before relaxing)
 .eh_frame      0x00000000000358e0       0xa0 build/cooja/contiki-ng-cooja.a(watchdog.o)
                                         0xb8 (size before relaxing)
 .eh_frame      0x0000000000035980       0x80 build/cooja/contiki-ng-cooja.a(int-master.o)
                                         0x98 (size before relaxing)
 .eh_frame      0x0000000000035a00       0xc0 build/cooja/contiki-ng-cooja.a(stimer.o)
                                         0xd8 (size before relaxing)
 .eh_frame      0x0000000000035ac0       0xa0 build/cooja/contiki-ng-cooja.a(ringbuf.o)
                                         0xb8 (size before relaxing)
 .eh_frame      0x0000000000035b60       0xa0 build/cooja/contiki-ng-cooja.a(memb.o)
                                         0xb8 (size before relaxing)
 .eh_frame      0x0000000000035c00       0x20 build/cooja/contiki-ng-cooja.a(assert.o)
                                         0x38 (size before relaxing)
 .eh_frame      0x0000000000035c20      0x3e0 build/cooja/contiki-ng-cooja.a(nbr-table.o)
                                        0x3f8 (size before relaxing)
 .eh_frame      0x0000000000036000      0x120 build/cooja/contiki-ng-cooja.a(link-stats.o)
                                        0x138 (size before relaxing)
 .eh_frame      0x0000000000036120       0x48 build/cooja/contiki-ng-cooja.a(mac-sequence.o)
                                         0x60 (size before relaxing)
 .eh_frame      0x0000000000036168       0x20 build/cooja/contiki-ng-cooja.a(mac.o)
                                         0x38 (size before relaxing)
 .eh_frame      0x0000000000036188       0xa8 build/cooja/contiki-ng-cooja.a(framer-802154.o)
                                         0xc0 (size before relaxing)
 .eh_frame      0x0000000000036230      0x1a8 build/cooja/contiki-ng-cooja.a(frame802154.o)
                                        0x1c0 (size before relaxing)
 .eh_frame      0x00000000000363d8      0x120 build/cooja/contiki-ng-cooja.a(strformat.o)
                                        0x138 (size before relaxing)
 .eh_frame      0x00000000000364f8       0x40 build/cooja/contiki-ng-cooja.a(csma-security.o)
                                         0x58 (size before relaxing)
 .eh_frame      0x0000000000036538      0x200 build/cooja/contiki-ng-cooja.a(uipbuf.o)
                                        0x218 (size before relaxing)
 .eh_frame      0x0000000000036738      0x148 build/cooja/contiki-ng-cooja.a(uip-icmp6.o)
                                        0x160 (size before relaxing)
 .eh_frame      0x0000000000036880      0x180 build/cooja/contiki-ng-cooja.a(uip-sr.o)
                                        0x198 (size before relaxing)
 .eh_frame      0x0000000000036a00       0xe0 build/cooja/contiki-ng-cooja.a(uip-packetqueue.o)
                                         0xf8 (size before relaxing)
 .eh_frame      0x0000000000036ae0       0x40 build/cooja/contiki-ng-cooja.a(rpl-nbr-policy.o)
                                         0x58 (size before relaxing)
 .eh_frame      0x0000000000036b20      0x2b0 build/cooja/contiki-ng-cooja.a(rpl-neighbor.o)
                                        0x2c8 (size before relaxing)
 .eh_frame      0x0000000000036dd0      0x360 build/cooja/contiki-ng-cooja.a(rpl-dag.o)
                                        0x378 (size before relaxing)
 .eh_frame      0x0000000000037130      0x3a8 build/cooja/contiki-ng-cooja.a(rpl-timers.o)
                                        0x3c0 (size before relaxing)
 .eh_frame      0x00000000000374d8      0x128 build/cooja/contiki-ng-cooja.a(rpl-ext-header.o)
                                        0x140 (size before relaxing)
 .eh_frame      0x0000000000037600      0x148 build/cooja/contiki-ng-cooja.a(rpl-mrhof.o)
                                        0x160 (size before relaxing)
 .eh_frame      0x0000000000037748        0x4 /usr/lib/gcc/x86_64-linux-gnu/7/crtendS.o
 *(.eh_frame.*)

.gcc_except_table
 *(.gcc_except_table .gcc_except_table.*)

.gnu_extab
 *(.gnu_extab*)

.exception_ranges
 *(.exception_ranges .exception_ranges*)
                0x00000000002386f0                . = DATA_SEGMENT_ALIGN (CONSTANT (MAXPAGESIZE), CONSTANT (COMMONPAGESIZE))

.eh_frame
 *(.eh_frame)
 *(.eh_frame.*)

.gnu_extab
 *(.gnu_extab)

.gcc_except_table
 *(.gcc_except_table .gcc_except_table.*)

.exception_ranges
 *(.exception_ranges .exception_ranges*)

.tdata
 *(.tdata .tdata.* .gnu.linkonce.td.*)

.tbss
 *(.tbss .tbss.* .gnu.linkonce.tb.*)
 *(.tcommon)

.preinit_array
 *(.preinit_array)

.init_array     0x00000000002386f0        0x8
 *(SORT_BY_INIT_PRIORITY(.init_array.*) SORT_BY_INIT_PRIORITY(.ctors.*))
 *(.init_array EXCLUDE_FILE(*crtend?.o *crtend.o *crtbegin?.o *crtbegin.o) .ctors)
 .init_array    0x00000000002386f0        0x8 /usr/lib/gcc/x86_64-linux-gnu/7/crtbeginS.o

.fini_array     0x00000000002386f8        0x8
 *(SORT_BY_INIT_PRIORITY(.fini_array.*) SORT_BY_INIT_PRIORITY(.dtors.*))
 *(.fini_array EXCLUDE_FILE(*crtend?.o *crtend.o *crtbegin?.o *crtbegin.o) .dtors)
 .fini_array    0x00000000002386f8        0x8 /usr/lib/gcc/x86_64-linux-gnu/7/crtbeginS.o

.ctors
 *crtbegin.o(.ctors)
 *crtbegin?.o(.ctors)
 *(EXCLUDE_FILE(*crtend?.o *crtend.o) .ctors)
 *(SORT_BY_NAME(.ctors.*))
 *(.ctors)

.dtors
 *crtbegin.o(.dtors)
 *crtbegin?.o(.dtors)
 *(EXCLUDE_FILE(*crtend?.o *crtend.o) .dtors)
 *(SORT_BY_NAME(.dtors.*))
 *(.dtors)

.jcr
 *(.jcr)

.data.rel.ro    0x0000000000238700      0x350
 *(.data.rel.ro.local* .gnu.linkonce.d.rel.ro.local.*)
 .data.rel.ro.local
                0x0000000000238700       0x10 build/cooja/contiki-ng-cooja.a(beep.o)
                0x0000000000238700                beep_interface
 .data.rel.ro.local
                0x0000000000238710       0x10 build/cooja/contiki-ng-cooja.a(leds-arch.o)
                0x0000000000238710                leds_interface
 .data.rel.ro.local
                0x0000000000238720       0x10 build/cooja/contiki-ng-cooja.a(moteid.o)
                0x0000000000238720                moteid_interface
 *fill*         0x0000000000238730       0x10 
 .data.rel.ro.local
                0x0000000000238740       0x40 build/cooja/contiki-ng-cooja.a(pir-sensor.o)
                0x0000000000238740                pir_interface
                0x0000000000238760                pir_sensor
 .data.rel.ro.local
                0x0000000000238780       0x10 build/cooja/contiki-ng-cooja.a(rs232.o)
                0x0000000000238780                rs232_interface
 *fill*         0x0000000000238790       0x10 
 .data.rel.ro.local
                0x00000000002387a0       0x40 build/cooja/contiki-ng-cooja.a(vib-sensor.o)
                0x00000000002387a0                vib_interface
                0x00000000002387c0                vib_sensor
 .data.rel.ro.local
                0x00000000002387e0       0x10 build/cooja/contiki-ng-cooja.a(clock.o)
                0x00000000002387e0                clock_interface
 .data.rel.ro.local
                0x00000000002387f0       0x10 build/cooja/contiki-ng-cooja.a(cooja-log.o)
                0x00000000002387f0                simlog_interface
 .data.rel.ro.local
                0x0000000000238800       0x10 build/cooja/contiki-ng-cooja.a(cfs-cooja.o)
                0x0000000000238800                cfs_interface
 *fill*         0x0000000000238810       0x10 
 .data.rel.ro.local
                0x0000000000238820       0x90 build/cooja/contiki-ng-cooja.a(cooja-radio.o)
                0x0000000000238820                radio_interface
                0x0000000000238840                cooja_radio_driver
 .data.rel.ro.local
                0x00000000002388b0       0x10 build/cooja/contiki-ng-cooja.a(eeprom.o)
                0x00000000002388b0                eeprom_interface
 .data.rel.ro.local
                0x00000000002388c0       0x40 build/cooja/contiki-ng-cooja.a(buttons.o)
                0x00000000002388c0                button_interface
                0x00000000002388e0                button_sensor
 .data.rel.ro.local
                0x0000000000238900       0x38 build/cooja/contiki-ng-cooja.a(csma.o)
                0x0000000000238900                csma_driver
 *fill*         0x0000000000238938        0x8 
 .data.rel.ro.local
                0x0000000000238940       0x18 build/cooja/contiki-ng-cooja.a(framer-802154.o)
                0x0000000000238940                framer_802154
 *(.data.rel.ro .data.rel.ro.* .gnu.linkonce.d.rel.ro.*)
 .data.rel.ro   0x0000000000238958        0x0 /usr/lib/gcc/x86_64-linux-gnu/7/../../../x86_64-linux-gnu/crti.o
 *fill*         0x0000000000238958        0x8 
 .data.rel.ro   0x0000000000238960       0x10 mqtt-client.o
                0x0000000000238960                autostart_processes
 *fill*         0x0000000000238970       0x10 
 .data.rel.ro   0x0000000000238980       0x20 build/cooja/contiki-ng-cooja.a(sicslowpan.o)
                0x0000000000238980                sicslowpan_driver
 .data.rel.ro   0x00000000002389a0       0xa8 build/cooja/contiki-ng-cooja.a(rpl.o)
                0x00000000002389a0                rpl_lite_driver
 .data.rel.ro   0x0000000000238a48        0x8 build/cooja/contiki-ng-cooja.a(rpl-dag.o)

.dynamic        0x0000000000238a50      0x1c0
 *(.dynamic)
 .dynamic       0x0000000000238a50      0x1c0 /usr/lib/gcc/x86_64-linux-gnu/7/../../../x86_64-linux-gnu/crti.o
                0x0000000000238a50                _DYNAMIC

.got            0x0000000000238c10      0x3f0
 *(.got)
 .got           0x0000000000238c10      0x3f0 /usr/lib/gcc/x86_64-linux-gnu/7/../../../x86_64-linux-gnu/crti.o
 *(.igot)
                0x0000000000239fe8                . = DATA_SEGMENT_RELRO_END (., (SIZEOF (.got.plt) >= 0x18)?0x18:0x0)

.got.plt        0x0000000000239000      0xbb8
 *(.got.plt)
 .got.plt       0x0000000000239000      0xbb8 /usr/lib/gcc/x86_64-linux-gnu/7/../../../x86_64-linux-gnu/crti.o
                0x0000000000239000                _GLOBAL_OFFSET_TABLE_
 *(.igot.plt)

.data           0x0000000000239bc0      0x828
 *(.data .data.* .gnu.linkonce.d.*)
 .data          0x0000000000239bc0        0x0 /usr/lib/gcc/x86_64-linux-gnu/7/../../../x86_64-linux-gnu/crti.o
 .data          0x0000000000239bc0        0x0 /usr/lib/gcc/x86_64-linux-gnu/7/crtbeginS.o
 .data.rel.local
                0x0000000000239bc0        0x8 /usr/lib/gcc/x86_64-linux-gnu/7/crtbeginS.o
                0x0000000000239bc0                __dso_handle
 .data          0x0000000000239bc8        0x8 mqtt-client.o
 *fill*         0x0000000000239bd0       0x10 
 .data.rel.local
                0x0000000000239be0       0x40 mqtt-client.o
                0x0000000000239c00                mqtt_client_process
 .data          0x0000000000239c20        0x0 build/cooja/mtype68045012.o
 .data.rel      0x0000000000239c20       0xa0 build/cooja/mtype68045012.o
                0x0000000000239c20                simInterfaces
                0x0000000000239ca0                sensors
 .data          0x0000000000239cc0        0x0 build/cooja/contiki-ng-cooja.a(simEnvChange.o)
 .data          0x0000000000239cc0        0x0 build/cooja/contiki-ng-cooja.a(cooja_mt.o)
 .data          0x0000000000239cc0        0x0 build/cooja/contiki-ng-cooja.a(cooja_mtarch.o)
 .data          0x0000000000239cc0        0x0 build/cooja/contiki-ng-cooja.a(rtimer-arch.o)
 .data          0x0000000000239cc0        0x0 build/cooja/contiki-ng-cooja.a(beep.o)
 .data          0x0000000000239cc0        0x0 build/cooja/contiki-ng-cooja.a(leds-arch.o)
 .data          0x0000000000239cc0        0x0 build/cooja/contiki-ng-cooja.a(moteid.o)
 .data          0x0000000000239cc0        0x0 build/cooja/contiki-ng-cooja.a(pir-sensor.o)
 .data          0x0000000000239cc0        0x0 build/cooja/contiki-ng-cooja.a(rs232.o)
 .data          0x0000000000239cc0        0x0 build/cooja/contiki-ng-cooja.a(vib-sensor.o)
 .data          0x0000000000239cc0        0x0 build/cooja/contiki-ng-cooja.a(clock.o)
 .data          0x0000000000239cc0        0x0 build/cooja/contiki-ng-cooja.a(cooja-log.o)
 .data          0x0000000000239cc0        0x0 build/cooja/contiki-ng-cooja.a(cfs-cooja.o)
 .data          0x0000000000239cc0       0x20 build/cooja/contiki-ng-cooja.a(cooja-radio.o)
                0x0000000000239cc0                simRadioHWOn
                0x0000000000239cc4                simSignalStrength
                0x0000000000239cc8                simLastSignalStrength
                0x0000000000239ccc                simPower
                0x0000000000239cd0                simRadioChannel
                0x0000000000239cd4                simLQI
                0x0000000000239cd8                simLastLQI
 .data.rel.local
                0x0000000000239ce0       0x20 build/cooja/contiki-ng-cooja.a(cooja-radio.o)
                0x0000000000239ce0                cooja_radio_process
 .data          0x0000000000239d00        0x0 build/cooja/contiki-ng-cooja.a(eeprom.o)
 .data          0x0000000000239d00        0x0 build/cooja/contiki-ng-cooja.a(random.o)
 .data          0x0000000000239d00        0x0 build/cooja/contiki-ng-cooja.a(sensors.o)
 .data.rel.local
                0x0000000000239d00       0x20 build/cooja/contiki-ng-cooja.a(sensors.o)
                0x0000000000239d00                sensors_process
 .data          0x0000000000239d20        0x0 build/cooja/contiki-ng-cooja.a(leds.o)
 .data          0x0000000000239d20        0x0 build/cooja/contiki-ng-cooja.a(gpio-hal-arch.o)
 .data          0x0000000000239d20        0x1 build/cooja/contiki-ng-cooja.a(buttons.o)
                0x0000000000239d20                simButtonIsActive
 *fill*         0x0000000000239d21       0x1f 
 .data.rel.local
                0x0000000000239d40       0xb0 build/cooja/contiki-ng-cooja.a(buttons.o)
                0x0000000000239de0                button_hal_buttons
 .data          0x0000000000239df0        0x0 build/cooja/contiki-ng-cooja.a(mqtt.o)
 *fill*         0x0000000000239df0       0x10 
 .data.rel.local
                0x0000000000239e00       0x40 build/cooja/contiki-ng-cooja.a(mqtt.o)
                0x0000000000239e20                mqtt_process
 .data          0x0000000000239e40        0x0 build/cooja/contiki-ng-cooja.a(contiki-main.o)
 .data          0x0000000000239e40        0x0 build/cooja/contiki-ng-cooja.a(autostart.o)
 .data          0x0000000000239e40        0x0 build/cooja/contiki-ng-cooja.a(ctimer.o)
 .data.rel.local
                0x0000000000239e40       0x40 build/cooja/contiki-ng-cooja.a(ctimer.o)
                0x0000000000239e60                ctimer_process
 .data          0x0000000000239e80        0x4 build/cooja/contiki-ng-cooja.a(log.o)
                0x0000000000239e80                curr_log_level_main
 *fill*         0x0000000000239e84       0x1c 
 .data.rel      0x0000000000239ea0      0x138 build/cooja/contiki-ng-cooja.a(log.o)
                0x0000000000239ea0                all_modules
 .data          0x0000000000239fd8        0x0 build/cooja/contiki-ng-cooja.a(energest.o)
 .data          0x0000000000239fd8        0x0 build/cooja/contiki-ng-cooja.a(etimer.o)
 *fill*         0x0000000000239fd8        0x8 
 .data.rel.local
                0x0000000000239fe0       0x20 build/cooja/contiki-ng-cooja.a(etimer.o)
                0x0000000000239fe0                etimer_process
 .data          0x000000000023a000        0x0 build/cooja/contiki-ng-cooja.a(node-id.o)
 .data          0x000000000023a000        0x0 build/cooja/contiki-ng-cooja.a(rtimer.o)
 .data          0x000000000023a000        0x0 build/cooja/contiki-ng-cooja.a(process.o)
 .data          0x000000000023a000        0x0 build/cooja/contiki-ng-cooja.a(timer.o)
 .data          0x000000000023a000        0x0 build/cooja/contiki-ng-cooja.a(list.o)
 .data          0x000000000023a000        0x0 build/cooja/contiki-ng-cooja.a(button-hal.o)
 .data.rel.local
                0x000000000023a000       0x20 build/cooja/contiki-ng-cooja.a(button-hal.o)
                0x000000000023a000                button_hal_process
 .data          0x000000000023a020        0x0 build/cooja/contiki-ng-cooja.a(serial-line.o)
 .data.rel.local
                0x000000000023a020       0x20 build/cooja/contiki-ng-cooja.a(serial-line.o)
                0x000000000023a020                serial_line_process
 .data          0x000000000023a040        0x0 build/cooja/contiki-ng-cooja.a(gpio-hal.o)
 .data.rel.local
                0x000000000023a040        0x8 build/cooja/contiki-ng-cooja.a(gpio-hal.o)
 .data          0x000000000023a048        0x0 build/cooja/contiki-ng-cooja.a(queuebuf.o)
 *fill*         0x000000000023a048        0x8 
 .data.rel.local
                0x000000000023a050       0x38 build/cooja/contiki-ng-cooja.a(queuebuf.o)
 .data          0x000000000023a088        0x0 build/cooja/contiki-ng-cooja.a(packetbuf.o)
 .data.rel.local
                0x000000000023a088        0x8 build/cooja/contiki-ng-cooja.a(packetbuf.o)
 .data          0x000000000023a090        0x0 build/cooja/contiki-ng-cooja.a(netstack.o)
 .data.rel.local
                0x000000000023a090        0x8 build/cooja/contiki-ng-cooja.a(netstack.o)
 .data          0x000000000023a098        0x0 build/cooja/contiki-ng-cooja.a(linkaddr.o)
 .data          0x000000000023a098        0x0 build/cooja/contiki-ng-cooja.a(printf.o)
 *fill*         0x000000000023a098        0x8 
 .data.rel.local
                0x000000000023a0a0       0x10 build/cooja/contiki-ng-cooja.a(printf.o)
 .data          0x000000000023a0b0        0x0 build/cooja/contiki-ng-cooja.a(sprintf.o)
 .data          0x000000000023a0b0        0x0 build/cooja/contiki-ng-cooja.a(snprintf.o)
 .data          0x000000000023a0b0        0x0 build/cooja/contiki-ng-cooja.a(puts.o)
 .data          0x000000000023a0b0        0x0 build/cooja/contiki-ng-cooja.a(putchar.o)
 .data          0x000000000023a0b0        0x0 build/cooja/contiki-ng-cooja.a(csma.o)
 .data          0x000000000023a0b0        0x0 build/cooja/contiki-ng-cooja.a(csma-output.o)
 .data.rel.local
                0x000000000023a0b0       0x60 build/cooja/contiki-ng-cooja.a(csma-output.o)
 .data          0x000000000023a110        0x0 build/cooja/contiki-ng-cooja.a(uip-ds6.o)
 .data          0x000000000023a110        0x0 build/cooja/contiki-ng-cooja.a(tcp-socket.o)
 *fill*         0x000000000023a110       0x10 
 .data.rel.local
                0x000000000023a120       0x40 build/cooja/contiki-ng-cooja.a(tcp-socket.o)
                0x000000000023a140                tcp_socket_process
 .data          0x000000000023a160        0x0 build/cooja/contiki-ng-cooja.a(uip-ds6-route.o)
 .data.rel.local
                0x000000000023a160       0x28 build/cooja/contiki-ng-cooja.a(uip-ds6-route.o)
 .data          0x000000000023a188        0x0 build/cooja/contiki-ng-cooja.a(tcpip.o)
 *fill*         0x000000000023a188       0x18 
 .data.rel.local
                0x000000000023a1a0       0x20 build/cooja/contiki-ng-cooja.a(tcpip.o)
                0x000000000023a1a0                tcpip_process
 .data          0x000000000023a1c0        0x0 build/cooja/contiki-ng-cooja.a(uip6.o)
 .data          0x000000000023a1c0        0x0 build/cooja/contiki-ng-cooja.a(uip-ds6-nbr.o)
 .data.rel.local
                0x000000000023a1c0       0x20 build/cooja/contiki-ng-cooja.a(uip-ds6-nbr.o)
 .data          0x000000000023a1e0        0x0 build/cooja/contiki-ng-cooja.a(uip-nd6.o)
 .data.rel.local
                0x000000000023a1e0       0x18 build/cooja/contiki-ng-cooja.a(uip-nd6.o)
 .data          0x000000000023a1f8        0x0 build/cooja/contiki-ng-cooja.a(sicslowpan.o)
 .data          0x000000000023a1f8        0x0 build/cooja/contiki-ng-cooja.a(uiplib.o)
 .data          0x000000000023a1f8        0x0 build/cooja/contiki-ng-cooja.a(rpl.o)
 .data          0x000000000023a1f8        0x0 build/cooja/contiki-ng-cooja.a(rpl-icmp6.o)
 *fill*         0x000000000023a1f8        0x8 
 .data.rel.local
                0x000000000023a200       0x78 build/cooja/contiki-ng-cooja.a(rpl-icmp6.o)
 .data          0x000000000023a278        0x0 build/cooja/contiki-ng-cooja.a(rpl-dag-root.o)
 .data          0x000000000023a278        0x0 build/cooja/contiki-ng-cooja.a(watchdog.o)
 .data          0x000000000023a278        0x0 build/cooja/contiki-ng-cooja.a(int-master.o)
 .data          0x000000000023a278        0x0 build/cooja/contiki-ng-cooja.a(stimer.o)
 .data          0x000000000023a278        0x0 build/cooja/contiki-ng-cooja.a(ringbuf.o)
 .data          0x000000000023a278        0x0 build/cooja/contiki-ng-cooja.a(memb.o)
 .data          0x000000000023a278        0x0 build/cooja/contiki-ng-cooja.a(assert.o)
 .data          0x000000000023a278        0x0 build/cooja/contiki-ng-cooja.a(nbr-table.o)
 *fill*         0x000000000023a278        0x8 
 .data.rel.local
                0x000000000023a280       0x20 build/cooja/contiki-ng-cooja.a(nbr-table.o)
 .data          0x000000000023a2a0        0x0 build/cooja/contiki-ng-cooja.a(link-stats.o)
 .data.rel.local
                0x000000000023a2a0       0x20 build/cooja/contiki-ng-cooja.a(link-stats.o)
 .data          0x000000000023a2c0        0x0 build/cooja/contiki-ng-cooja.a(mac-sequence.o)
 .data          0x000000000023a2c0        0x0 build/cooja/contiki-ng-cooja.a(mac.o)
 .data          0x000000000023a2c0        0x0 build/cooja/contiki-ng-cooja.a(framer-802154.o)
 .data          0x000000000023a2c0        0x2 build/cooja/contiki-ng-cooja.a(frame802154.o)
 .data          0x000000000023a2c2        0x0 build/cooja/contiki-ng-cooja.a(strformat.o)
 .data          0x000000000023a2c2        0x0 build/cooja/contiki-ng-cooja.a(csma-security.o)
 .data          0x000000000023a2c2        0x0 build/cooja/contiki-ng-cooja.a(uipbuf.o)
 .data          0x000000000023a2c2        0x0 build/cooja/contiki-ng-cooja.a(uip-icmp6.o)
 *fill*         0x000000000023a2c2        0xe 
 .data.rel.local
                0x000000000023a2d0       0x48 build/cooja/contiki-ng-cooja.a(uip-icmp6.o)
 .data          0x000000000023a318        0x0 build/cooja/contiki-ng-cooja.a(uip-sr.o)
 *fill*         0x000000000023a318        0x8 
 .data.rel.local
                0x000000000023a320       0x28 build/cooja/contiki-ng-cooja.a(uip-sr.o)
 .data          0x000000000023a348        0x0 build/cooja/contiki-ng-cooja.a(uip-packetqueue.o)
 *fill*         0x000000000023a348        0x8 
 .data.rel.local
                0x000000000023a350       0x18 build/cooja/contiki-ng-cooja.a(uip-packetqueue.o)
 .data          0x000000000023a368        0x0 build/cooja/contiki-ng-cooja.a(rpl-nbr-policy.o)
 .data          0x000000000023a368        0x0 build/cooja/contiki-ng-cooja.a(rpl-neighbor.o)
 *fill*         0x000000000023a368        0x8 
 .data.rel.local
                0x000000000023a370       0x20 build/cooja/contiki-ng-cooja.a(rpl-neighbor.o)
                0x000000000023a388                rpl_neighbors
 .data          0x000000000023a390        0x0 build/cooja/contiki-ng-cooja.a(rpl-dag.o)
 .data          0x000000000023a390        0x0 build/cooja/contiki-ng-cooja.a(rpl-timers.o)
 .data          0x000000000023a390        0x0 build/cooja/contiki-ng-cooja.a(rpl-ext-header.o)
 .data          0x000000000023a390        0x0 build/cooja/contiki-ng-cooja.a(rpl-mrhof.o)
 *fill*         0x000000000023a390       0x10 
 .data.rel.local
                0x000000000023a3a0       0x48 build/cooja/contiki-ng-cooja.a(rpl-mrhof.o)
                0x000000000023a3a0                rpl_mrhof
 .data          0x000000000023a3e8        0x0 /usr/lib/gcc/x86_64-linux-gnu/7/crtendS.o
 .data          0x000000000023a3e8        0x0 /usr/lib/gcc/x86_64-linux-gnu/7/../../../x86_64-linux-gnu/crtn.o

.tm_clone_table
                0x000000000023a3e8        0x0
 .tm_clone_table
                0x000000000023a3e8        0x0 /usr/lib/gcc/x86_64-linux-gnu/7/crtbeginS.o
 .tm_clone_table
                0x000000000023a3e8        0x0 /usr/lib/gcc/x86_64-linux-gnu/7/crtendS.o

.data1
 *(.data1)
                0x000000000023a3e8                _edata = .
                [!provide]                        PROVIDE (edata = .)
                0x000000000023a3e8                . = .
                0x000000000023a3e8                __bss_start = .

.bss            0x000000000023a400    0x18240
 *(.dynbss)
 .dynbss        0x000000000023a400        0x0 /usr/lib/gcc/x86_64-linux-gnu/7/../../../x86_64-linux-gnu/crti.o
 *(.bss .bss.* .gnu.linkonce.b.*)
 .bss           0x000000000023a400        0x0 /usr/lib/gcc/x86_64-linux-gnu/7/../../../x86_64-linux-gnu/crti.o
 .bss           0x000000000023a400        0x1 /usr/lib/gcc/x86_64-linux-gnu/7/crtbeginS.o
 *fill*         0x000000000023a401       0x1f 
 .bss           0x000000000023a420      0xb68 mqtt-client.o
 *fill*         0x000000000023af88       0x18 
 .bss           0x000000000023afa0     0x4040 build/cooja/mtype68045012.o
 .bss           0x000000000023efe0        0x1 build/cooja/contiki-ng-cooja.a(simEnvChange.o)
                0x000000000023efe0                simDontFallAsleep
 *fill*         0x000000000023efe1        0x7 
 .bss           0x000000000023efe8        0x8 build/cooja/contiki-ng-cooja.a(cooja_mt.o)
 .bss           0x000000000023eff0        0x8 build/cooja/contiki-ng-cooja.a(cooja_mtarch.o)
 .bss           0x000000000023eff8        0x0 build/cooja/contiki-ng-cooja.a(rtimer-arch.o)
 .bss           0x000000000023eff8        0x0 build/cooja/contiki-ng-cooja.a(beep.o)
 .bss           0x000000000023eff8        0x1 build/cooja/contiki-ng-cooja.a(leds-arch.o)
                0x000000000023eff8                simLedsValue
 .bss           0x000000000023eff9        0x0 build/cooja/contiki-ng-cooja.a(moteid.o)
 .bss           0x000000000023eff9        0x1 build/cooja/contiki-ng-cooja.a(pir-sensor.o)
                0x000000000023eff9                simPirValue
 *fill*         0x000000000023effa        0x6 
 .bss           0x000000000023f000        0x8 build/cooja/contiki-ng-cooja.a(rs232.o)
 .bss           0x000000000023f008        0x1 build/cooja/contiki-ng-cooja.a(vib-sensor.o)
                0x000000000023f008                simVibValue
 .bss           0x000000000023f009        0x0 build/cooja/contiki-ng-cooja.a(clock.o)
 *fill*         0x000000000023f009        0x3 
 .bss           0x000000000023f00c        0x5 build/cooja/contiki-ng-cooja.a(cooja-log.o)
 *fill*         0x000000000023f011        0xf 
 .bss           0x000000000023f020      0xfc0 build/cooja/contiki-ng-cooja.a(cfs-cooja.o)
                0x000000000023f020                simCFSData
                0x000000000023ffc0                simCFSSize
                0x000000000023ffc4                simCFSChanged
                0x000000000023ffc8                simCFSRead
                0x000000000023ffcc                simCFSWritten
 .bss           0x000000000023ffe0       0x2c build/cooja/contiki-ng-cooja.a(cooja-radio.o)
                0x000000000023ffe0                simReceiving
                0x000000000023ffe4                simInSize
                0x000000000023ffe8                simLastPacketTimestamp
                0x000000000023fff0                simOutSize
 .bss           0x000000000024000c        0xc build/cooja/contiki-ng-cooja.a(eeprom.o)
                0x000000000024000c                simEEPROMChanged
                0x0000000000240010                simEEPROMRead
                0x0000000000240014                simEEPROMWritten
 .bss           0x0000000000240018        0x0 build/cooja/contiki-ng-cooja.a(random.o)
 .bss           0x0000000000240018        0xc build/cooja/contiki-ng-cooja.a(sensors.o)
 .bss           0x0000000000240024        0x0 build/cooja/contiki-ng-cooja.a(leds.o)
 *fill*         0x0000000000240024       0x1c 
 .bss           0x0000000000240040       0x40 build/cooja/contiki-ng-cooja.a(gpio-hal-arch.o)
 .bss           0x0000000000240080        0x0 build/cooja/contiki-ng-cooja.a(buttons.o)
 .bss           0x0000000000240080       0x21 build/cooja/contiki-ng-cooja.a(mqtt.o)
 .bss           0x00000000002400a1        0x0 build/cooja/contiki-ng-cooja.a(contiki-main.o)
 .bss           0x00000000002400a1        0x0 build/cooja/contiki-ng-cooja.a(autostart.o)
 *fill*         0x00000000002400a1        0x7 
 .bss           0x00000000002400a8        0x9 build/cooja/contiki-ng-cooja.a(ctimer.o)
 *fill*         0x00000000002400b1        0x3 
 .bss           0x00000000002400b4       0x2c build/cooja/contiki-ng-cooja.a(log.o)
                0x00000000002400b4                curr_log_level_rpl
                0x00000000002400b8                curr_log_level_tcpip
                0x00000000002400bc                curr_log_level_ipv6
                0x00000000002400c0                curr_log_level_6lowpan
                0x00000000002400c4                curr_log_level_nullnet
                0x00000000002400c8                curr_log_level_mac
                0x00000000002400cc                curr_log_level_framer
                0x00000000002400d0                curr_log_level_6top
                0x00000000002400d4                curr_log_level_coap
                0x00000000002400d8                curr_log_level_snmp
                0x00000000002400dc                curr_log_level_lwm2m
 .bss           0x00000000002400e0        0x0 build/cooja/contiki-ng-cooja.a(energest.o)
 .bss           0x00000000002400e0       0x10 build/cooja/contiki-ng-cooja.a(etimer.o)
 .bss           0x00000000002400f0        0x2 build/cooja/contiki-ng-cooja.a(node-id.o)
                0x00000000002400f0                node_id
 *fill*         0x00000000002400f2        0x6 
 .bss           0x00000000002400f8        0x8 build/cooja/contiki-ng-cooja.a(rtimer.o)
 .bss           0x0000000000240100      0x321 build/cooja/contiki-ng-cooja.a(process.o)
                0x0000000000240100                process_list
                0x0000000000240108                process_current
 .bss           0x0000000000240421        0x0 build/cooja/contiki-ng-cooja.a(timer.o)
 .bss           0x0000000000240421        0x0 build/cooja/contiki-ng-cooja.a(list.o)
 *fill*         0x0000000000240421        0xf 
 .bss           0x0000000000240430       0x28 build/cooja/contiki-ng-cooja.a(button-hal.o)
 *fill*         0x0000000000240458        0x8 
 .bss           0x0000000000240460      0x140 build/cooja/contiki-ng-cooja.a(serial-line.o)
 .bss           0x00000000002405a0        0x8 build/cooja/contiki-ng-cooja.a(gpio-hal.o)
 *fill*         0x00000000002405a8       0x18 
 .bss           0x00000000002405c0     0x2d80 build/cooja/contiki-ng-cooja.a(queuebuf.o)
 .bss           0x0000000000243340       0xa0 build/cooja/contiki-ng-cooja.a(packetbuf.o)
 .bss           0x00000000002433e0        0x8 build/cooja/contiki-ng-cooja.a(netstack.o)
 .bss           0x00000000002433e8        0x0 build/cooja/contiki-ng-cooja.a(linkaddr.o)
 .bss           0x00000000002433e8        0x0 build/cooja/contiki-ng-cooja.a(printf.o)